Archive member included to satisfy reference by file (symbol)

/opt/st/stm32cubeide_1.18.0/plugins/com.st.stm32cube.ide.mcu.externaltools.gnu-tools-for-stm32.13.3.rel1.linux64_1.0.0.202410170706/tools/bin/../lib/gcc/arm-none-eabi/13.3.1/../../../../arm-none-eabi/lib/thumb/v7e-m+fp/hard/libc_nano.a(libc_a-exit.o)
                              /opt/st/stm32cubeide_1.18.0/plugins/com.st.stm32cube.ide.mcu.externaltools.gnu-tools-for-stm32.13.3.rel1.linux64_1.0.0.202410170706/tools/bin/../lib/gcc/arm-none-eabi/13.3.1/../../../../arm-none-eabi/lib/thumb/v7e-m+fp/hard/crt0.o (exit)
/opt/st/stm32cubeide_1.18.0/plugins/com.st.stm32cube.ide.mcu.externaltools.gnu-tools-for-stm32.13.3.rel1.linux64_1.0.0.202410170706/tools/bin/../lib/gcc/arm-none-eabi/13.3.1/../../../../arm-none-eabi/lib/thumb/v7e-m+fp/hard/libc_nano.a(libc_a-findfp.o)
                              /opt/st/stm32cubeide_1.18.0/plugins/com.st.stm32cube.ide.mcu.externaltools.gnu-tools-for-stm32.13.3.rel1.linux64_1.0.0.202410170706/tools/bin/../lib/gcc/arm-none-eabi/13.3.1/../../../../arm-none-eabi/lib/thumb/v7e-m+fp/hard/libc_nano.a(libc_a-exit.o) (__stdio_exit_handler)
/opt/st/stm32cubeide_1.18.0/plugins/com.st.stm32cube.ide.mcu.externaltools.gnu-tools-for-stm32.13.3.rel1.linux64_1.0.0.202410170706/tools/bin/../lib/gcc/arm-none-eabi/13.3.1/../../../../arm-none-eabi/lib/thumb/v7e-m+fp/hard/libc_nano.a(libc_a-fwalk.o)
                              /opt/st/stm32cubeide_1.18.0/plugins/com.st.stm32cube.ide.mcu.externaltools.gnu-tools-for-stm32.13.3.rel1.linux64_1.0.0.202410170706/tools/bin/../lib/gcc/arm-none-eabi/13.3.1/../../../../arm-none-eabi/lib/thumb/v7e-m+fp/hard/libc_nano.a(libc_a-findfp.o) (_fwalk_sglue)
/opt/st/stm32cubeide_1.18.0/plugins/com.st.stm32cube.ide.mcu.externaltools.gnu-tools-for-stm32.13.3.rel1.linux64_1.0.0.202410170706/tools/bin/../lib/gcc/arm-none-eabi/13.3.1/../../../../arm-none-eabi/lib/thumb/v7e-m+fp/hard/libc_nano.a(libc_a-puts.o)
                              ./Core/Src/main.o (puts)
/opt/st/stm32cubeide_1.18.0/plugins/com.st.stm32cube.ide.mcu.externaltools.gnu-tools-for-stm32.13.3.rel1.linux64_1.0.0.202410170706/tools/bin/../lib/gcc/arm-none-eabi/13.3.1/../../../../arm-none-eabi/lib/thumb/v7e-m+fp/hard/libc_nano.a(libc_a-stdio.o)
                              /opt/st/stm32cubeide_1.18.0/plugins/com.st.stm32cube.ide.mcu.externaltools.gnu-tools-for-stm32.13.3.rel1.linux64_1.0.0.202410170706/tools/bin/../lib/gcc/arm-none-eabi/13.3.1/../../../../arm-none-eabi/lib/thumb/v7e-m+fp/hard/libc_nano.a(libc_a-findfp.o) (__sread)
/opt/st/stm32cubeide_1.18.0/plugins/com.st.stm32cube.ide.mcu.externaltools.gnu-tools-for-stm32.13.3.rel1.linux64_1.0.0.202410170706/tools/bin/../lib/gcc/arm-none-eabi/13.3.1/../../../../arm-none-eabi/lib/thumb/v7e-m+fp/hard/libc_nano.a(libc_a-wbuf.o)
                              /opt/st/stm32cubeide_1.18.0/plugins/com.st.stm32cube.ide.mcu.externaltools.gnu-tools-for-stm32.13.3.rel1.linux64_1.0.0.202410170706/tools/bin/../lib/gcc/arm-none-eabi/13.3.1/../../../../arm-none-eabi/lib/thumb/v7e-m+fp/hard/libc_nano.a(libc_a-puts.o) (__swbuf_r)
/opt/st/stm32cubeide_1.18.0/plugins/com.st.stm32cube.ide.mcu.externaltools.gnu-tools-for-stm32.13.3.rel1.linux64_1.0.0.202410170706/tools/bin/../lib/gcc/arm-none-eabi/13.3.1/../../../../arm-none-eabi/lib/thumb/v7e-m+fp/hard/libc_nano.a(libc_a-wsetup.o)
                              /opt/st/stm32cubeide_1.18.0/plugins/com.st.stm32cube.ide.mcu.externaltools.gnu-tools-for-stm32.13.3.rel1.linux64_1.0.0.202410170706/tools/bin/../lib/gcc/arm-none-eabi/13.3.1/../../../../arm-none-eabi/lib/thumb/v7e-m+fp/hard/libc_nano.a(libc_a-puts.o) (__swsetup_r)
/opt/st/stm32cubeide_1.18.0/plugins/com.st.stm32cube.ide.mcu.externaltools.gnu-tools-for-stm32.13.3.rel1.linux64_1.0.0.202410170706/tools/bin/../lib/gcc/arm-none-eabi/13.3.1/../../../../arm-none-eabi/lib/thumb/v7e-m+fp/hard/libc_nano.a(libc_a-memset.o)
                              /opt/st/stm32cubeide_1.18.0/plugins/com.st.stm32cube.ide.mcu.externaltools.gnu-tools-for-stm32.13.3.rel1.linux64_1.0.0.202410170706/tools/bin/../lib/gcc/arm-none-eabi/13.3.1/../../../../arm-none-eabi/lib/thumb/v7e-m+fp/hard/crt0.o (memset)
/opt/st/stm32cubeide_1.18.0/plugins/com.st.stm32cube.ide.mcu.externaltools.gnu-tools-for-stm32.13.3.rel1.linux64_1.0.0.202410170706/tools/bin/../lib/gcc/arm-none-eabi/13.3.1/../../../../arm-none-eabi/lib/thumb/v7e-m+fp/hard/libc_nano.a(libc_a-closer.o)
                              /opt/st/stm32cubeide_1.18.0/plugins/com.st.stm32cube.ide.mcu.externaltools.gnu-tools-for-stm32.13.3.rel1.linux64_1.0.0.202410170706/tools/bin/../lib/gcc/arm-none-eabi/13.3.1/../../../../arm-none-eabi/lib/thumb/v7e-m+fp/hard/libc_nano.a(libc_a-stdio.o) (_close_r)
/opt/st/stm32cubeide_1.18.0/plugins/com.st.stm32cube.ide.mcu.externaltools.gnu-tools-for-stm32.13.3.rel1.linux64_1.0.0.202410170706/tools/bin/../lib/gcc/arm-none-eabi/13.3.1/../../../../arm-none-eabi/lib/thumb/v7e-m+fp/hard/libc_nano.a(libc_a-reent.o)
[...]
Memory Configuration

Name             Origin             Length             Attributes
CCMRAM           0x10000000         0x00010000         xrw
RAM              0x20000000         0x00020000         xrw
FLASH            0x08000000         0x00100000         xr
*default*        0x00000000         0xffffffff

Linker script and memory map

LOAD /opt/st/stm32cubeide_1.18.0/plugins/com.st.stm32cube.ide.mcu.externaltools.gnu-tools-for-stm32.13.3.rel1.linux64_1.0.0.202410170706/tools/bin/../lib/gcc/arm-none-eabi/13.3.1/thumb/v7e-m+fp/hard/crti.o
LOAD /opt/st/stm32cubeide_1.18.0/plugins/com.st.stm32cube.ide.mcu.externaltools.gnu-tools-for-stm32.13.3.rel1.linux64_1.0.0.202410170706/tools/bin/../lib/gcc/arm-none-eabi/13.3.1/thumb/v7e-m+fp/hard/crtbegin.o
LOAD /opt/st/stm32cubeide_1.18.0/plugins/com.st.stm32cube.ide.mcu.externaltools.gnu-tools-for-stm32.13.3.rel1.linux64_1.0.0.202410170706/tools/bin/../lib/gcc/arm-none-eabi/13.3.1/../../../../arm-none-eabi/lib/thumb/v7e-m+fp/hard/crt0.o
LOAD ./Core/Src/main.o
LOAD ./Core/Src/stm32f4xx_hal_msp.o
LOAD ./Core/Src/stm32f4xx_hal_timebase_tim.o
LOAD ./Core/Src/stm32f4xx_it.o
LOAD ./Core/Src/syscalls.o
LOAD ./Core/Src/system_stm32f4xx.o
LOAD ./Core/Startup/startup_stm32f407vgtx.o
LOAD ./Drivers/STM32F4xx_HAL_Driver/Src/stm32f4xx_hal.o
LOAD ./Drivers/STM32F4xx_HAL_Driver/Src/stm32f4xx_hal_cortex.o
LOAD ./Drivers/STM32F4xx_HAL_Driver/Src/stm32f4xx_hal_dma.o
LOAD ./Drivers/STM32F4xx_HAL_Driver/Src/stm32f4xx_hal_dma_ex.o
LOAD ./Drivers/STM32F4xx_HAL_Driver/Src/stm32f4xx_hal_exti.o
LOAD ./Drivers/STM32F4xx_HAL_Driver/Src/stm32f4xx_hal_flash.o
LOAD ./Drivers/STM32F4xx_HAL_Driver/Src/stm32f4xx_hal_flash_ex.o
LOAD ./Drivers/STM32F4xx_HAL_Driver/Src/stm32f4xx_hal_flash_ramfunc.o
LOAD ./Drivers/STM32F4xx_HAL_Driver/Src/stm32f4xx_hal_gpio.o
LOAD ./Drivers/STM32F4xx_HAL_Driver/Src/stm32f4xx_hal_pwr.o
LOAD ./Drivers/STM32F4xx_HAL_Driver/Src/stm32f4xx_hal_pwr_ex.o
LOAD ./Drivers/STM32F4xx_HAL_Driver/Src/stm32f4xx_hal_rcc.o
LOAD ./Drivers/STM32F4xx_HAL_Driver/Src/stm32f4xx_hal_rcc_ex.o
LOAD ./Drivers/STM32F4xx_HAL_Driver/Src/stm32f4xx_hal_tim.o
LOAD ./Drivers/STM32F4xx_HAL_Driver/Src/stm32f4xx_hal_tim_ex.o
LOAD ./ThirdParty/FreeRTOS/croutine.o
LOAD ./ThirdParty/FreeRTOS/event_groups.o
LOAD ./ThirdParty/FreeRTOS/list.o
LOAD ./ThirdParty/FreeRTOS/queue.o
LOAD ./ThirdParty/FreeRTOS/stream_buffer.o
LOAD ./ThirdParty/FreeRTOS/tasks.o
LOAD ./ThirdParty/FreeRTOS/timers.o
LOAD ./ThirdParty/FreeRTOS/portable/GCC/ARM_CM4F/port.o
LOAD ./ThirdParty/FreeRTOS/portable/MemMang/heap_4.o
START GROUP
LOAD /opt/st/stm32cubeide_1.18.0/plugins/com.st.stm32cube.ide.mcu.externaltools.gnu-tools-for-stm32.13.3.rel1.linux64_1.0.0.202410170706/tools/bin/../lib/gcc/arm-none-eabi/13.3.1/../../../../arm-none-eabi/lib/thumb/v7e-m+fp/hard/libc_nano.a
LOAD /opt/st/stm32cubeide_1.18.0/plugins/com.st.stm32cube.ide.mcu.externaltools.gnu-tools-for-stm32.13.3.rel1.linux64_1.0.0.202410170706/tools/bin/../lib/gcc/arm-none-eabi/13.3.1/../../../../arm-none-eabi/lib/thumb/v7e-m+fp/hard/libm.a
END GROUP
START GROUP
LOAD /opt/st/stm32cubeide_1.18.0/plugins/com.st.stm32cube.ide.mcu.externaltools.gnu-tools-for-stm32.13.3.rel1.linux64_1.0.0.202410170706/tools/bin/../lib/gcc/arm-none-eabi/13.3.1/thumb/v7e-m+fp/hard/libgcc.a
LOAD /opt/st/stm32cubeide_1.18.0/plugins/com.st.stm32cube.ide.mcu.externaltools.gnu-tools-for-stm32.13.3.rel1.linux64_1.0.0.202410170706/tools/bin/../lib/gcc/arm-none-eabi/13.3.1/../../../../arm-none-eabi/lib/thumb/v7e-m+fp/hard/libc_nano.a
END GROUP
START GROUP
LOAD /opt/st/stm32cubeide_1.18.0/plugins/com.st.stm32cube.ide.mcu.externaltools.gnu-tools-for-stm32.13.3.rel1.linux64_1.0.0.202410170706/tools/bin/../lib/gcc/arm-none-eabi/13.3.1/thumb/v7e-m+fp/hard/libgcc.a
LOAD /opt/st/stm32cubeide_1.18.0/plugins/com.st.stm32cube.ide.mcu.externaltools.gnu-tools-for-stm32.13.3.rel1.linux64_1.0.0.202410170706/tools/bin/../lib/gcc/arm-none-eabi/13.3.1/../../../../arm-none-eabi/lib/thumb/v7e-m+fp/hard/libc_nano.a
LOAD /opt/st/stm32cubeide_1.18.0/plugins/com.st.stm32cube.ide.mcu.externaltools.gnu-tools-for-stm32.13.3.rel1.linux64_1.0.0.202410170706/tools/bin/../lib/gcc/arm-none-eabi/13.3.1/../../../../arm-none-eabi/lib/thumb/v7e-m+fp/hard/libnosys.a
END GROUP
START GROUP
LOAD /opt/st/stm32cubeide_1.18.0/plugins/com.st.stm32cube.ide.mcu.externaltools.gnu-tools-for-stm32.13.3.rel1.linux64_1.0.0.202410170706/tools/bin/../lib/gcc/arm-none-eabi/13.3.1/thumb/v7e-m+fp/hard/libgcc.a
LOAD /opt/st/stm32cubeide_1.18.0/plugins/com.st.stm32cube.ide.mcu.externaltools.gnu-tools-for-stm32.13.3.rel1.linux64_1.0.0.202410170706/tools/bin/../lib/gcc/arm-none-eabi/13.3.1/../../../../arm-none-eabi/lib/thumb/v7e-m+fp/hard/libc_nano.a
LOAD /opt/st/stm32cubeide_1.18.0/plugins/com.st.stm32cube.ide.mcu.externaltools.gnu-tools-for-stm32.13.3.rel1.linux64_1.0.0.202410170706/tools/bin/../lib/gcc/arm-none-eabi/13.3.1/../../../../arm-none-eabi/lib/thumb/v7e-m+fp/hard/libnosys.a
END GROUP
LOAD /opt/st/stm32cubeide_1.18.0/plugins/com.st.stm32cube.ide.mcu.externaltools.gnu-tools-for-stm32.13.3.rel1.linux64_1.0.0.202410170706/tools/bin/../lib/gcc/arm-none-eabi/13.3.1/thumb/v7e-m+fp/hard/crtend.o
LOAD /opt/st/stm32cubeide_1.18.0/plugins/com.st.stm32cube.ide.mcu.externaltools.gnu-tools-for-stm32.13.3.rel1.linux64_1.0.0.202410170706/tools/bin/../lib/gcc/arm-none-eabi/13.3.1/thumb/v7e-m+fp/hard/crtn.o
                0x20020000                        _estack = (ORIGIN (RAM) + LENGTH (RAM))
                0x00000200                        _Min_Heap_Size = 0x200
                0x00000400                        _Min_Stack_Size = 0x400

.isr_vector     0x08000000      0x188
                0x08000000                        . = ALIGN (0x4)
 *(.isr_vector)
 .isr_vector    0x08000000      0x188 ./Core/Startup/startup_stm32f407vgtx.o
                0x08000000                g_pfnVectors
                0x08000188                        . = ALIGN (0x4)

.text           0x08000190     0x5070
                0x08000190                        . = ALIGN (0x4)
 *(.text)
 .text          0x08000190       0x40 /opt/st/stm32cubeide_1.18.0/plugins/com.st.stm32cube.ide.mcu.externaltools.gnu-tools-for-stm32.13.3.rel1.linux64_1.0.0.202410170706/tools/bin/../lib/gcc/arm-none-eabi/13.3.1/thumb/v7e-m+fp/hard/crtbegin.o
 .text          0x080001d0       0x30 /opt/st/stm32cubeide_1.18.0/plugins/com.st.stm32cube.ide.mcu.externaltools.gnu-tools-for-stm32.13.3.rel1.linux64_1.0.0.202410170706/tools/bin/../lib/gcc/arm-none-eabi/13.3.1/thumb/v7e-m+fp/hard/libgcc.a(_aeabi_uldivmod.o)
                0x080001d0                __aeabi_uldivmod
 .text          0x08000200      0x2f8 /opt/st/stm32cubeide_1.18.0/plugins/com.st.stm32cube.ide.mcu.externaltools.gnu-tools-for-stm32.13.3.rel1.linux64_1.0.0.202410170706/tools/bin/../lib/gcc/arm-none-eabi/13.3.1/thumb/v7e-m+fp/hard/libgcc.a(_udivmoddi4.o)
                0x08000200                __udivmoddi4
 .text          0x080004f8        0x4 /opt/st/stm32cubeide_1.18.0/plugins/com.st.stm32cube.ide.mcu.externaltools.gnu-tools-for-stm32.13.3.rel1.linux64_1.0.0.202410170706/tools/bin/../lib/gcc/arm-none-eabi/13.3.1/thumb/v7e-m+fp/hard/libgcc.a(_dvmd_tls.o)
                0x080004f8                __aeabi_ldiv0
                0x080004f8                __aeabi_idiv0
 *(.text*)
 .text.main     0x080004fc       0xb8 ./Core/Src/main.o
                0x080004fc                main
 .text.SystemClock_Config
                0x080005b4       0xd4 ./Core/Src/main.o
                0x080005b4                SystemClock_Config
 .text.MX_GPIO_Init
                0x08000688      0x2bc ./Core/Src/main.o
 .text.task1_handler
                0x08000944       0x30 ./Core/Src/main.o
 .text.task2_handler
                0x08000974       0x30 ./Core/Src/main.o
 .text.HAL_TIM_PeriodElapsedCallback
                0x080009a4       0x24 ./Core/Src/main.o
                0x080009a4                HAL_TIM_PeriodElapsedCallback
 .text.Error_Handler
                0x080009c8        0xc ./Core/Src/main.o
                0x080009c8                Error_Handler
 .text.HAL_MspInit
                0x080009d4       0x50 ./Core/Src/stm32f4xx_hal_msp.o
                0x080009d4                HAL_MspInit
 .text.HAL_InitTick
                0x08000a24       0xf8 ./Core/Src/stm32f4xx_hal_timebase_tim.o
                0x08000a24                HAL_InitTick
 .text.NMI_Handler
                0x08000b1c        0x8 ./Core/Src/stm32f4xx_it.o
                0x08000b1c                NMI_Handler
 .text.HardFault_Handler
                0x08000b24        0x8 ./Core/Src/stm32f4xx_it.o
                0x08000b24                HardFault_Handler
 .text.MemManage_Handler
                0x08000b2c        0x8 ./Core/Src/stm32f4xx_it.o
                0x08000b2c                MemManage_Handler
 .text.BusFault_Handler
                0x08000b34        0x8 ./Core/Src/stm32f4xx_it.o
                0x08000b34                BusFault_Handler
 .text.UsageFault_Handler
                0x08000b3c        0x8 ./Core/Src/stm32f4xx_it.o
                0x08000b3c                UsageFault_Handler
 .text.DebugMon_Handler
                0x08000b44        0xe ./Core/Src/stm32f4xx_it.o
                0x08000b44                DebugMon_Handler
 *fill*         0x08000b52        0x2 
 .text.TIM6_DAC_IRQHandler
                0x08000b54       0x14 ./Core/Src/stm32f4xx_it.o
                0x08000b54                TIM6_DAC_IRQHandler
 .text.ITM_SendChar
                0x08000b68       0x50 ./Core/Src/syscalls.o
                0x08000b68                ITM_SendChar
 .text._read    0x08000bb8       0x3a ./Core/Src/syscalls.o
                0x08000bb8                _read
 .text._write   0x08000bf2       0x38 ./Core/Src/syscalls.o
                0x08000bf2                _write
 .text._close   0x08000c2a       0x18 ./Core/Src/syscalls.o
                0x08000c2a                _close
 .text._fstat   0x08000c42       0x20 ./Core/Src/syscalls.o
                0x08000c42                _fstat
 .text._isatty  0x08000c62       0x16 ./Core/Src/syscalls.o
                0x08000c62                _isatty
 .text._lseek   0x08000c78       0x1a ./Core/Src/syscalls.o
                0x08000c78                _lseek
 *fill*         0x08000c92        0x2 
 .text.SystemInit
                0x08000c94       0x24 ./Core/Src/system_stm32f4xx.o
                0x08000c94                SystemInit
 .text.Reset_Handler
                0x08000cb8       0x50 ./Core/Startup/startup_stm32f407vgtx.o
                0x08000cb8                Reset_Handler
 .text.Default_Handler
                0x08000d08        0x2 ./Core/Startup/startup_stm32f407vgtx.o
                0x08000d08                RTC_Alarm_IRQHandler
                0x08000d08                HASH_RNG_IRQHandler
                0x08000d08                EXTI2_IRQHandler
                0x08000d08                TIM8_CC_IRQHandler
                0x08000d08                TIM1_CC_IRQHandler
                0x08000d08                DMA2_Stream5_IRQHandler
                0x08000d08                DMA1_Stream5_IRQHandler
                0x08000d08                PVD_IRQHandler
                0x08000d08                SDIO_IRQHandler
                0x08000d08                TAMP_STAMP_IRQHandler
                0x08000d08                CAN2_RX1_IRQHandler
                0x08000d08                EXTI3_IRQHandler
                0x08000d08                TIM8_TRG_COM_TIM14_IRQHandler
                0x08000d08                TIM1_UP_TIM10_IRQHandler
                0x08000d08                TIM8_UP_TIM13_IRQHandler
                0x08000d08                I2C3_ER_IRQHandler
                0x08000d08                EXTI0_IRQHandler
                0x08000d08                I2C2_EV_IRQHandler
                0x08000d08                DMA1_Stream2_IRQHandler
                0x08000d08                CAN1_RX0_IRQHandler
                0x08000d08                FPU_IRQHandler
                0x08000d08                OTG_HS_WKUP_IRQHandler
                0x08000d08                CAN2_SCE_IRQHandler
                0x08000d08                DMA2_Stream2_IRQHandler
                0x08000d08                SPI1_IRQHandler
                0x08000d08                TIM1_BRK_TIM9_IRQHandler
                0x08000d08                DCMI_IRQHandler
                0x08000d08                CAN2_RX0_IRQHandler
                0x08000d08                DMA2_Stream3_IRQHandler
                0x08000d08                USART6_IRQHandler
                0x08000d08                USART3_IRQHandler
                0x08000d08                CAN1_RX1_IRQHandler
                0x08000d08                UART5_IRQHandler
                0x08000d08                DMA2_Stream0_IRQHandler
                0x08000d08                TIM4_IRQHandler
                0x08000d08                I2C1_EV_IRQHandler
                0x08000d08                DMA1_Stream6_IRQHandler
                0x08000d08                DMA1_Stream1_IRQHandler
                0x08000d08                UART4_IRQHandler
                0x08000d08                TIM3_IRQHandler
                0x08000d08                RCC_IRQHandler
                0x08000d08                TIM8_BRK_TIM12_IRQHandler
                0x08000d08                Default_Handler
                0x08000d08                EXTI15_10_IRQHandler
                0x08000d08                ADC_IRQHandler
                0x08000d08                DMA1_Stream7_IRQHandler
                0x08000d08                TIM7_IRQHandler
                0x08000d08                CAN2_TX_IRQHandler
                0x08000d08                TIM5_IRQHandler
                0x08000d08                DMA2_Stream7_IRQHandler
                0x08000d08                I2C3_EV_IRQHandler
                0x08000d08                EXTI9_5_IRQHandler
                0x08000d08                RTC_WKUP_IRQHandler
                0x08000d08                ETH_WKUP_IRQHandler
                0x08000d08                SPI2_IRQHandler
                0x08000d08                OTG_HS_EP1_IN_IRQHandler
                0x08000d08                DMA1_Stream0_IRQHandler
                0x08000d08                CAN1_TX_IRQHandler
                0x08000d08                EXTI4_IRQHandler
                0x08000d08                FSMC_IRQHandler
                0x08000d08                ETH_IRQHandler
                0x08000d08                OTG_HS_EP1_OUT_IRQHandler
                0x08000d08                WWDG_IRQHandler
                0x08000d08                TIM2_IRQHandler
                0x08000d08                OTG_FS_WKUP_IRQHandler
                0x08000d08                TIM1_TRG_COM_TIM11_IRQHandler
                0x08000d08                OTG_HS_IRQHandler
                0x08000d08                EXTI1_IRQHandler
                0x08000d08                USART2_IRQHandler
                0x08000d08                I2C2_ER_IRQHandler
                0x08000d08                DMA2_Stream1_IRQHandler
                0x08000d08                CAN1_SCE_IRQHandler
                0x08000d08                FLASH_IRQHandler
                0x08000d08                DMA2_Stream4_IRQHandler
                0x08000d08                USART1_IRQHandler
                0x08000d08                OTG_FS_IRQHandler
                0x08000d08                SPI3_IRQHandler
                0x08000d08                DMA1_Stream4_IRQHandler
                0x08000d08                I2C1_ER_IRQHandler
                0x08000d08                DMA2_Stream6_IRQHandler
                0x08000d08                DMA1_Stream3_IRQHandler
 *fill*         0x08000d0a        0x2 
 .text.HAL_Init
                0x08000d0c       0x44 ./Drivers/STM32F4xx_HAL_Driver/Src/stm32f4xx_hal.o
                0x08000d0c                HAL_Init
 .text.HAL_IncTick
                0x08000d50       0x28 ./Drivers/STM32F4xx_HAL_Driver/Src/stm32f4xx_hal.o
                0x08000d50                HAL_IncTick
 .text.HAL_GetTick
                0x08000d78       0x18 ./Drivers/STM32F4xx_HAL_Driver/Src/stm32f4xx_hal.o
                0x08000d78                HAL_GetTick
 .text.__NVIC_SetPriorityGrouping
                0x08000d90       0x48 ./Drivers/STM32F4xx_HAL_Driver/Src/stm32f4xx_hal_cortex.o
 .text.__NVIC_GetPriorityGrouping
                0x08000dd8       0x1c ./Drivers/STM32F4xx_HAL_Driver/Src/stm32f4xx_hal_cortex.o
 .text.__NVIC_EnableIRQ
                0x08000df4       0x3c ./Drivers/STM32F4xx_HAL_Driver/Src/stm32f4xx_hal_cortex.o
 .text.__NVIC_SetPriority
                0x08000e30       0x54 ./Drivers/STM32F4xx_HAL_Driver/Src/stm32f4xx_hal_cortex.o
 .text.NVIC_EncodePriority
                0x08000e84       0x66 ./Drivers/STM32F4xx_HAL_Driver/Src/stm32f4xx_hal_cortex.o
 .text.HAL_NVIC_SetPriorityGrouping
                0x08000eea       0x16 ./Drivers/STM32F4xx_HAL_Driver/Src/stm32f4xx_hal_cortex.o
                0x08000eea                HAL_NVIC_SetPriorityGrouping
 .text.HAL_NVIC_SetPriority
                0x08000f00       0x38 ./Drivers/STM32F4xx_HAL_Driver/Src/stm32f4xx_hal_cortex.o
                0x08000f00                HAL_NVIC_SetPriority
 .text.HAL_NVIC_EnableIRQ
                0x08000f38       0x1c ./Drivers/STM32F4xx_HAL_Driver/Src/stm32f4xx_hal_cortex.o
                0x08000f38                HAL_NVIC_EnableIRQ
 .text.HAL_GPIO_Init
                0x08000f54      0x338 ./Drivers/STM32F4xx_HAL_Driver/Src/stm32f4xx_hal_gpio.o
                0x08000f54                HAL_GPIO_Init
 .text.HAL_GPIO_WritePin
                0x0800128c       0x32 ./Drivers/STM32F4xx_HAL_Driver/Src/stm32f4xx_hal_gpio.o
                0x0800128c                HAL_GPIO_WritePin
 *fill*         0x080012be        0x2 
 .text.HAL_RCC_OscConfig
                0x080012c0      0x4f0 ./Drivers/STM32F4xx_HAL_Driver/Src/stm32f4xx_hal_rcc.o
                0x080012c0                HAL_RCC_OscConfig
 .text.HAL_RCC_ClockConfig
                0x080017b0      0x1cc ./Drivers/STM32F4xx_HAL_Driver/Src/stm32f4xx_hal_rcc.o
                0x080017b0                HAL_RCC_ClockConfig
 .text.HAL_RCC_GetSysClockFreq
                0x0800197c      0x20c ./Drivers/STM32F4xx_HAL_Driver/Src/stm32f4xx_hal_rcc.o
                0x0800197c                HAL_RCC_GetSysClockFreq
 .text.HAL_RCC_GetHCLKFreq
                0x08001b88       0x18 ./Drivers/STM32F4xx_HAL_Driver/Src/stm32f4xx_hal_rcc.o
                0x08001b88                HAL_RCC_GetHCLKFreq
 .text.HAL_RCC_GetPCLK1Freq
                0x08001ba0       0x28 ./Drivers/STM32F4xx_HAL_Driver/Src/stm32f4xx_hal_rcc.o
                0x08001ba0                HAL_RCC_GetPCLK1Freq
 .text.HAL_RCC_GetClockConfig
                0x08001bc8       0x64 ./Drivers/STM32F4xx_HAL_Driver/Src/stm32f4xx_hal_rcc.o
                0x08001bc8                HAL_RCC_GetClockConfig
 .text.HAL_TIM_Base_Init
                0x08001c2c       0x9e ./Drivers/STM32F4xx_HAL_Driver/Src/stm32f4xx_hal_tim.o
                0x08001c2c                HAL_TIM_Base_Init
 .text.HAL_TIM_Base_MspInit
                0x08001cca       0x14 ./Drivers/STM32F4xx_HAL_Driver/Src/stm32f4xx_hal_tim.o
                0x08001cca                HAL_TIM_Base_MspInit
 *fill*         0x08001cde        0x2 
 .text.HAL_TIM_Base_Start_IT
                0x08001ce0       0xe0 ./Drivers/STM32F4xx_HAL_Driver/Src/stm32f4xx_hal_tim.o
                0x08001ce0                HAL_TIM_Base_Start_IT
 .text.HAL_TIM_IRQHandler
                0x08001dc0      0x1e0 ./Drivers/STM32F4xx_HAL_Driver/Src/stm32f4xx_hal_tim.o
                0x08001dc0                HAL_TIM_IRQHandler
 .text.HAL_TIM_OC_DelayElapsedCallback
                0x08001fa0       0x14 ./Drivers/STM32F4xx_HAL_Driver/Src/stm32f4xx_hal_tim.o
                0x08001fa0                HAL_TIM_OC_DelayElapsedCallback
 .text.HAL_TIM_IC_CaptureCallback
                0x08001fb4       0x14 ./Drivers/STM32F4xx_HAL_Driver/Src/stm32f4xx_hal_tim.o
                0x08001fb4                HAL_TIM_IC_CaptureCallback
 .text.HAL_TIM_PWM_PulseFinishedCallback
                0x08001fc8       0x14 ./Drivers/STM32F4xx_HAL_Driver/Src/stm32f4xx_hal_tim.o
                0x08001fc8                HAL_TIM_PWM_PulseFinishedCallback
 .text.HAL_TIM_TriggerCallback
                0x08001fdc       0x14 ./Drivers/STM32F4xx_HAL_Driver/Src/stm32f4xx_hal_tim.o
                0x08001fdc                HAL_TIM_TriggerCallback
 .text.TIM_Base_SetConfig
                0x08001ff0      0x158 ./Drivers/STM32F4xx_HAL_Driver/Src/stm32f4xx_hal_tim.o
                0x08001ff0                TIM_Base_SetConfig
 .text.HAL_TIMEx_CommutCallback
                0x08002148       0x14 ./Drivers/STM32F4xx_HAL_Driver/Src/stm32f4xx_hal_tim_ex.o
                0x08002148                HAL_TIMEx_CommutCallback
 .text.HAL_TIMEx_BreakCallback
                0x0800215c       0x14 ./Drivers/STM32F4xx_HAL_Driver/Src/stm32f4xx_hal_tim_ex.o
                0x0800215c                HAL_TIMEx_BreakCallback
 .text.vListInitialise
                0x08002170       0x40 ./ThirdParty/FreeRTOS/list.o
                0x08002170                vListInitialise
 .text.vListInitialiseItem
                0x080021b0       0x1a ./ThirdParty/FreeRTOS/list.o
                0x080021b0                vListInitialiseItem
 .text.vListInsertEnd
                0x080021ca       0x48 ./ThirdParty/FreeRTOS/list.o
                0x080021ca                vListInsertEnd
 .text.vListInsert
                0x08002212       0x72 ./ThirdParty/FreeRTOS/list.o
                0x08002212                vListInsert
 .text.uxListRemove
                0x08002284       0x54 ./ThirdParty/FreeRTOS/list.o
                0x08002284                uxListRemove
 .text.xQueueGenericReset
                0x080022d8       0xd4 ./ThirdParty/FreeRTOS/queue.o
                0x080022d8                xQueueGenericReset
 .text.xQueueGenericCreate
                0x080023ac       0xc4 ./ThirdParty/FreeRTOS/queue.o
                0x080023ac                xQueueGenericCreate
 .text.prvInitialiseNewQueue
                0x08002470       0x46 ./ThirdParty/FreeRTOS/queue.o
 *fill*         0x080024b6        0x2 
 .text.xQueueGenericSend
                0x080024b8      0x204 ./ThirdParty/FreeRTOS/queue.o
                0x080024b8                xQueueGenericSend
 .text.xQueueGenericSendFromISR
                0x080026bc      0x15c ./ThirdParty/FreeRTOS/queue.o
                0x080026bc                xQueueGenericSendFromISR
 .text.xQueueReceive
                0x08002818      0x1c4 ./ThirdParty/FreeRTOS/queue.o
                0x08002818                xQueueReceive
 .text.prvCopyDataToQueue
                0x080029dc       0xd4 ./ThirdParty/FreeRTOS/queue.o
 .text.prvCopyDataFromQueue
                0x08002ab0       0x4c ./ThirdParty/FreeRTOS/queue.o
 .text.prvUnlockQueue
                0x08002afc       0xa4 ./ThirdParty/FreeRTOS/queue.o
 .text.prvIsQueueEmpty
                0x08002ba0       0x2c ./ThirdParty/FreeRTOS/queue.o
 .text.prvIsQueueFull
                0x08002bcc       0x30 ./ThirdParty/FreeRTOS/queue.o
 .text.vQueueAddToRegistry
                0x08002bfc       0x54 ./ThirdParty/FreeRTOS/queue.o
                0x08002bfc                vQueueAddToRegistry
 .text.vQueueWaitForMessageRestricted
                0x08002c50       0x68 ./ThirdParty/FreeRTOS/queue.o
                0x08002c50                vQueueWaitForMessageRestricted
 .text.xTaskCreate
                0x08002cb8       0x82 ./ThirdParty/FreeRTOS/tasks.o
                0x08002cb8                xTaskCreate
 .text.prvInitialiseNewTask
                0x08002d3a      0x12e ./ThirdParty/FreeRTOS/tasks.o
 .text.prvAddNewTaskToReadyList
                0x08002e68       0xdc ./ThirdParty/FreeRTOS/tasks.o
 .text.vTaskStartScheduler
                0x08002f44       0xa4 ./ThirdParty/FreeRTOS/tasks.o
                0x08002f44                vTaskStartScheduler
 .text.vTaskSuspendAll
                0x08002fe8       0x1c ./ThirdParty/FreeRTOS/tasks.o
                0x08002fe8                vTaskSuspendAll
 .text.xTaskResumeAll
                0x08003004      0x13c ./ThirdParty/FreeRTOS/tasks.o
                0x08003004                xTaskResumeAll
 .text.xTaskGetTickCount
                0x08003140       0x20 ./ThirdParty/FreeRTOS/tasks.o
                0x08003140                xTaskGetTickCount
 .text.xTaskIncrementTick
                0x08003160      0x174 ./ThirdParty/FreeRTOS/tasks.o
                0x08003160                xTaskIncrementTick
 .text.vTaskSwitchContext
                0x080032d4       0xb8 ./ThirdParty/FreeRTOS/tasks.o
                0x080032d4                vTaskSwitchContext
 .text.vTaskPlaceOnEventList
                0x0800338c       0x4c ./ThirdParty/FreeRTOS/tasks.o
                0x0800338c                vTaskPlaceOnEventList
 .text.vTaskPlaceOnEventListRestricted
                0x080033d8       0x58 ./ThirdParty/FreeRTOS/tasks.o
                0x080033d8                vTaskPlaceOnEventListRestricted
 .text.xTaskRemoveFromEventList
                0x08003430       0xc8 ./ThirdParty/FreeRTOS/tasks.o
                0x08003430                xTaskRemoveFromEventList
 .text.vTaskInternalSetTimeOutState
                0x080034f8       0x2c ./ThirdParty/FreeRTOS/tasks.o
                0x080034f8                vTaskInternalSetTimeOutState
 .text.xTaskCheckForTimeOut
                0x08003524       0xd0 ./ThirdParty/FreeRTOS/tasks.o
                0x08003524                xTaskCheckForTimeOut
 .text.vTaskMissedYield
                0x080035f4       0x18 ./ThirdParty/FreeRTOS/tasks.o
                0x080035f4                vTaskMissedYield
 .text.prvIdleTask
                0x0800360c       0x30 ./ThirdParty/FreeRTOS/tasks.o
 .text.prvInitialiseTaskLists
                0x0800363c       0x80 ./ThirdParty/FreeRTOS/tasks.o
 .text.prvCheckTasksWaitingTermination
                0x080036bc       0x5c ./ThirdParty/FreeRTOS/tasks.o
 .text.prvDeleteTCB
                0x08003718       0x20 ./ThirdParty/FreeRTOS/tasks.o
 .text.prvResetNextTaskUnblockTime
                0x08003738       0x38 ./ThirdParty/FreeRTOS/tasks.o
 .text.xTaskGetSchedulerState
                0x08003770       0x3c ./ThirdParty/FreeRTOS/tasks.o
                0x08003770                xTaskGetSchedulerState
 .text.xTaskPriorityDisinherit
                0x080037ac       0xf8 ./ThirdParty/FreeRTOS/tasks.o
                0x080037ac                xTaskPriorityDisinherit
 .text.prvAddCurrentTaskToDelayedList
                0x080038a4       0xcc ./ThirdParty/FreeRTOS/tasks.o
 .text.xTimerCreateTimerTask
                0x08003970       0x68 ./ThirdParty/FreeRTOS/timers.o
                0x08003970                xTimerCreateTimerTask
 .text.xTimerGenericCommand
                0x080039d8       0x9c ./ThirdParty/FreeRTOS/timers.o
                0x080039d8                xTimerGenericCommand
 .text.prvProcessExpiredTimer
                0x08003a74       0x9c ./ThirdParty/FreeRTOS/timers.o
 .text.prvTimerTask
                0x08003b10       0x26 ./ThirdParty/FreeRTOS/timers.o
 *fill*         0x08003b36        0x2 
 .text.prvProcessTimerOrBlockTask
                0x08003b38       0x9c ./ThirdParty/FreeRTOS/timers.o
 .text.prvGetNextExpireTime
                0x08003bd4       0x48 ./ThirdParty/FreeRTOS/timers.o
 .text.prvSampleTimeNow
                0x08003c1c       0x40 ./ThirdParty/FreeRTOS/timers.o
 .text.prvInsertTimerInActiveList
                0x08003c5c       0x84 ./ThirdParty/FreeRTOS/timers.o
 .text.prvProcessReceivedCommands
                0x08003ce0      0x194 ./ThirdParty/FreeRTOS/timers.o
 .text.prvSwitchTimerLists
                0x08003e74       0xcc ./ThirdParty/FreeRTOS/timers.o
 .text.prvCheckForValidListAndQueue
                0x08003f40       0x6c ./ThirdParty/FreeRTOS/timers.o
 .text.pxPortInitialiseStack
                0x08003fac       0x68 ./ThirdParty/FreeRTOS/portable/GCC/ARM_CM4F/port.o
                0x08003fac                pxPortInitialiseStack
 .text.prvTaskExitError
                0x08004014       0x5c ./ThirdParty/FreeRTOS/portable/GCC/ARM_CM4F/port.o
 .text.SVC_Handler
                0x08004070       0x28 ./ThirdParty/FreeRTOS/portable/GCC/ARM_CM4F/port.o
                0x08004070                SVC_Handler
 .text.prvPortStartFirstTask
                0x08004098       0x2c ./ThirdParty/FreeRTOS/portable/GCC/ARM_CM4F/port.o
 .text.xPortStartScheduler
                0x080040c4      0x148 ./ThirdParty/FreeRTOS/portable/GCC/ARM_CM4F/port.o
                0x080040c4                xPortStartScheduler
 .text.vPortEnterCritical
                0x0800420c       0x64 ./ThirdParty/FreeRTOS/portable/GCC/ARM_CM4F/port.o
                0x0800420c                vPortEnterCritical
 .text.vPortExitCritical
                0x08004270       0x54 ./ThirdParty/FreeRTOS/portable/GCC/ARM_CM4F/port.o
                0x08004270                vPortExitCritical
 *fill*         0x080042c4        0xc 
 .text.PendSV_Handler
                0x080042d0       0x68 ./ThirdParty/FreeRTOS/portable/GCC/ARM_CM4F/port.o
                0x080042d0                PendSV_Handler
 .text.SysTick_Handler
                0x08004338       0x44 ./ThirdParty/FreeRTOS/portable/GCC/ARM_CM4F/port.o
                0x08004338                SysTick_Handler
 .text.vPortSetupTimerInterrupt
                0x0800437c       0x48 ./ThirdParty/FreeRTOS/portable/GCC/ARM_CM4F/port.o
                0x0800437c                vPortSetupTimerInterrupt
 .text.vPortEnableVFP
                0x080043c4       0x18 ./ThirdParty/FreeRTOS/portable/GCC/ARM_CM4F/port.o
 .text.vPortValidateInterruptPriority
                0x080043dc       0x84 ./ThirdParty/FreeRTOS/portable/GCC/ARM_CM4F/port.o
                0x080043dc                vPortValidateInterruptPriority
 .text.pvPortMalloc
                0x08004460      0x1c4 ./ThirdParty/FreeRTOS/portable/MemMang/heap_4.o
                0x08004460                pvPortMalloc
 .text.vPortFree
                0x08004624       0xc8 ./ThirdParty/FreeRTOS/portable/MemMang/heap_4.o
                0x08004624                vPortFree
 .text.prvHeapInit
                0x080046ec       0xc4 ./ThirdParty/FreeRTOS/portable/MemMang/heap_4.o
 .text.prvInsertBlockIntoFreeList
                0x080047b0       0xb4 ./ThirdParty/FreeRTOS/portable/MemMang/heap_4.o
 .text.std      0x08004864       0x6c /opt/st/stm32cubeide_1.18.0/plugins/com.st.stm32cube.ide.mcu.externaltools.gnu-tools-for-stm32.13.3.rel1.linux64_1.0.0.202410170706/tools/bin/../lib/gcc/arm-none-eabi/13.3.1/../../../../arm-none-eabi/lib/thumb/v7e-m+fp/hard/libc_nano.a(libc_a-findfp.o)
 .text.stdio_exit_handler
                0x080048d0       0x18 /opt/st/stm32cubeide_1.18.0/plugins/com.st.stm32cube.ide.mcu.externaltools.gnu-tools-for-stm32.13.3.rel1.linux64_1.0.0.202410170706/tools/bin/../lib/gcc/arm-none-eabi/13.3.1/../../../../arm-none-eabi/lib/thumb/v7e-m+fp/hard/libc_nano.a(libc_a-findfp.o)
 .text.cleanup_stdio
                0x080048e8       0x40 /opt/st/stm32cubeide_1.18.0/plugins/com.st.stm32cube.ide.mcu.externaltools.gnu-tools-for-stm32.13.3.rel1.linux64_1.0.0.202410170706/tools/bin/../lib/gcc/arm-none-eabi/13.3.1/../../../../arm-none-eabi/lib/thumb/v7e-m+fp/hard/libc_nano.a(libc_a-findfp.o)
 .text.global_stdio_init.part.0
                0x08004928       0x3c /opt/st/stm32cubeide_1.18.0/plugins/com.st.stm32cube.ide.mcu.externaltools.gnu-tools-for-stm32.13.3.rel1.linux64_1.0.0.202410170706/tools/bin/../lib/gcc/arm-none-eabi/13.3.1/../../../../arm-none-eabi/lib/thumb/v7e-m+fp/hard/libc_nano.a(libc_a-findfp.o)
 .text.__sfp_lock_acquire
                0x08004964        0xc /opt/st/stm32cubeide_1.18.0/plugins/com.st.stm32cube.ide.mcu.externaltools.gnu-tools-for-stm32.13.3.rel1.linux64_1.0.0.202410170706/tools/bin/../lib/gcc/arm-none-eabi/13.3.1/../../../../arm-none-eabi/lib/thumb/v7e-m+fp/hard/libc_nano.a(libc_a-findfp.o)
                0x08004964                __sfp_lock_acquire
 .text.__sfp_lock_release
                0x08004970        0xc /opt/st/stm32cubeide_1.18.0/plugins/com.st.stm32cube.ide.mcu.externaltools.gnu-tools-for-stm32.13.3.rel1.linux64_1.0.0.202410170706/tools/bin/../lib/gcc/arm-none-eabi/13.3.1/../../../../arm-none-eabi/lib/thumb/v7e-m+fp/hard/libc_nano.a(libc_a-findfp.o)
                0x08004970                __sfp_lock_release
 .text.__sinit  0x0800497c       0x30 /opt/st/stm32cubeide_1.18.0/plugins/com.st.stm32cube.ide.mcu.externaltools.gnu-tools-for-stm32.13.3.rel1.linux64_1.0.0.202410170706/tools/bin/../lib/gcc/arm-none-eabi/13.3.1/../../../../arm-none-eabi/lib/thumb/v7e-m+fp/hard/libc_nano.a(libc_a-findfp.o)
                0x0800497c                __sinit
 .text._fwalk_sglue
                0x080049ac       0x3c /opt/st/stm32cubeide_1.18.0/plugins/com.st.stm32cube.ide.mcu.externaltools.gnu-tools-for-stm32.13.3.rel1.linux64_1.0.0.202410170706/tools/bin/../lib/gcc/arm-none-eabi/13.3.1/../../../../arm-none-eabi/lib/thumb/v7e-m+fp/hard/libc_nano.a(libc_a-fwalk.o)
                0x080049ac                _fwalk_sglue
 .text._puts_r  0x080049e8       0xaa /opt/st/stm32cubeide_1.18.0/plugins/com.st.stm32cube.ide.mcu.externaltools.gnu-tools-for-stm32.13.3.rel1.linux64_1.0.0.202410170706/tools/bin/../lib/gcc/arm-none-eabi/13.3.1/../../../../arm-none-eabi/lib/thumb/v7e-m+fp/hard/libc_nano.a(libc_a-puts.o)
                0x080049e8                _puts_r
 *fill*         0x08004a92        0x2 
 .text.puts     0x08004a94       0x10 /opt/st/stm32cubeide_1.18.0/plugins/com.st.stm32cube.ide.mcu.externaltools.gnu-tools-for-stm32.13.3.rel1.linux64_1.0.0.202410170706/tools/bin/../lib/gcc/arm-none-eabi/13.3.1/../../../../arm-none-eabi/lib/thumb/v7e-m+fp/hard/libc_nano.a(libc_a-puts.o)
                0x08004a94                puts
 .text.__sread  0x08004aa4       0x22 /opt/st/stm32cubeide_1.18.0/plugins/com.st.stm32cube.ide.mcu.externaltools.gnu-tools-for-stm32.13.3.rel1.linux64_1.0.0.202410170706/tools/bin/../lib/gcc/arm-none-eabi/13.3.1/../../../../arm-none-eabi/lib/thumb/v7e-m+fp/hard/libc_nano.a(libc_a-stdio.o)
                0x08004aa4                __sread
 .text.__swrite
                0x08004ac6       0x38 /opt/st/stm32cubeide_1.18.0/plugins/com.st.stm32cube.ide.mcu.externaltools.gnu-tools-for-stm32.13.3.rel1.linux64_1.0.0.202410170706/tools/bin/../lib/gcc/arm-none-eabi/13.3.1/../../../../arm-none-eabi/lib/thumb/v7e-m+fp/hard/libc_nano.a(libc_a-stdio.o)
                0x08004ac6                __swrite
 .text.__sseek  0x08004afe       0x24 /opt/st/stm32cubeide_1.18.0/plugins/com.st.stm32cube.ide.mcu.externaltools.gnu-tools-for-stm32.13.3.rel1.linux64_1.0.0.202410170706/tools/bin/../lib/gcc/arm-none-eabi/13.3.1/../../../../arm-none-eabi/lib/thumb/v7e-m+fp/hard/libc_nano.a(libc_a-stdio.o)
                0x08004afe                __sseek
 .text.__sclose
                0x08004b22        0x8 /opt/st/stm32cubeide_1.18.0/plugins/com.st.stm32cube.ide.mcu.externaltools.gnu-tools-for-stm32.13.3.rel1.linux64_1.0.0.202410170706/tools/bin/../lib/gcc/arm-none-eabi/13.3.1/../../../../arm-none-eabi/lib/thumb/v7e-m+fp/hard/libc_nano.a(libc_a-stdio.o)
                0x08004b22                __sclose
 .text.__swbuf_r
                0x08004b2a       0x7c /opt/st/stm32cubeide_1.18.0/plugins/com.st.stm32cube.ide.mcu.externaltools.gnu-tools-for-stm32.13.3.rel1.linux64_1.0.0.202410170706/tools/bin/../lib/gcc/arm-none-eabi/13.3.1/../../../../arm-none-eabi/lib/thumb/v7e-m+fp/hard/libc_nano.a(libc_a-wbuf.o)
                0x08004b2a                __swbuf_r
 *fill*         0x08004ba6        0x2 
 .text.__swsetup_r
                0x08004ba8       0xac /opt/st/stm32cubeide_1.18.0/plugins/com.st.stm32cube.ide.mcu.externaltools.gnu-tools-for-stm32.13.3.rel1.linux64_1.0.0.202410170706/tools/bin/../lib/gcc/arm-none-eabi/13.3.1/../../../../arm-none-eabi/lib/thumb/v7e-m+fp/hard/libc_nano.a(libc_a-wsetup.o)
                0x08004ba8                __swsetup_r
 .text.memset   0x08004c54       0x10 /opt/st/stm32cubeide_1.18.0/plugins/com.st.stm32cube.ide.mcu.externaltools.gnu-tools-for-stm32.13.3.rel1.linux64_1.0.0.202410170706/tools/bin/../lib/gcc/arm-none-eabi/13.3.1/../../../../arm-none-eabi/lib/thumb/v7e-m+fp/hard/libc_nano.a(libc_a-memset.o)
                0x08004c54                memset
 .text._close_r
                0x08004c64       0x20 /opt/st/stm32cubeide_1.18.0/plugins/com.st.stm32cube.ide.mcu.externaltools.gnu-tools-for-stm32.13.3.rel1.linux64_1.0.0.202410170706/tools/bin/../lib/gcc/arm-none-eabi/13.3.1/../../../../arm-none-eabi/lib/thumb/v7e-m+fp/hard/libc_nano.a(libc_a-closer.o)
                0x08004c64                _close_r
 .text._lseek_r
                0x08004c84       0x24 /opt/st/stm32cubeide_1.18.0/plugins/com.st.stm32cube.ide.mcu.externaltools.gnu-tools-for-stm32.13.3.rel1.linux64_1.0.0.202410170706/tools/bin/../lib/gcc/arm-none-eabi/13.3.1/../../../../arm-none-eabi/lib/thumb/v7e-m+fp/hard/libc_nano.a(libc_a-lseekr.o)
                0x08004c84                _lseek_r
 .text._read_r  0x08004ca8       0x24 /opt/st/stm32cubeide_1.18.0/plugins/com.st.stm32cube.ide.mcu.externaltools.gnu-tools-for-stm32.13.3.rel1.linux64_1.0.0.202410170706/tools/bin/../lib/gcc/arm-none-eabi/13.3.1/../../../../arm-none-eabi/lib/thumb/v7e-m+fp/hard/libc_nano.a(libc_a-readr.o)
                0x08004ca8                _read_r
 .text._write_r
                0x08004ccc       0x24 /opt/st/stm32cubeide_1.18.0/plugins/com.st.stm32cube.ide.mcu.externaltools.gnu-tools-for-stm32.13.3.rel1.linux64_1.0.0.202410170706/tools/bin/../lib/gcc/arm-none-eabi/13.3.1/../../../../arm-none-eabi/lib/thumb/v7e-m+fp/hard/libc_nano.a(libc_a-writer.o)
                0x08004ccc                _write_r
 .text.__libc_init_array
                0x08004cf0       0x48 /opt/st/stm32cubeide_1.18.0/plugins/com.st.stm32cube.ide.mcu.externaltools.gnu-tools-for-stm32.13.3.rel1.linux64_1.0.0.202410170706/tools/bin/../lib/gcc/arm-none-eabi/13.3.1/../../../../arm-none-eabi/lib/thumb/v7e-m+fp/hard/libc_nano.a(libc_a-init.o)
                0x08004cf0                __libc_init_array
 .text.__retarget_lock_init_recursive
                0x08004d38        0x2 /opt/st/stm32cubeide_1.18.0/plugins/com.st.stm32cube.ide.mcu.externaltools.gnu-tools-for-stm32.13.3.rel1.linux64_1.0.0.202410170706/tools/bin/../lib/gcc/arm-none-eabi/13.3.1/../../../../arm-none-eabi/lib/thumb/v7e-m+fp/hard/libc_nano.a(libc_a-lock.o)
                0x08004d38                __retarget_lock_init_recursive
 .text.__retarget_lock_acquire_recursive
                0x08004d3a        0x2 /opt/st/stm32cubeide_1.18.0/plugins/com.st.stm32cube.ide.mcu.externaltools.gnu-tools-for-stm32.13.3.rel1.linux64_1.0.0.202410170706/tools/bin/../lib/gcc/arm-none-eabi/13.3.1/../../../../arm-none-eabi/lib/thumb/v7e-m+fp/hard/libc_nano.a(libc_a-lock.o)
                0x08004d3a                __retarget_lock_acquire_recursive
 .text.__retarget_lock_release_recursive
                0x08004d3c        0x2 /opt/st/stm32cubeide_1.18.0/plugins/com.st.stm32cube.ide.mcu.externaltools.gnu-tools-for-stm32.13.3.rel1.linux64_1.0.0.202410170706/tools/bin/../lib/gcc/arm-none-eabi/13.3.1/../../../../arm-none-eabi/lib/thumb/v7e-m+fp/hard/libc_nano.a(libc_a-lock.o)
                0x08004d3c                __retarget_lock_release_recursive
 .text.memcpy   0x08004d3e       0x1c /opt/st/stm32cubeide_1.18.0/plugins/com.st.stm32cube.ide.mcu.externaltools.gnu-tools-for-stm32.13.3.rel1.linux64_1.0.0.202410170706/tools/bin/../lib/gcc/arm-none-eabi/13.3.1/../../../../arm-none-eabi/lib/thumb/v7e-m+fp/hard/libc_nano.a(libc_a-memcpy-stub.o)
                0x08004d3e                memcpy
 *fill*         0x08004d5a        0x2 
 .text._free_r  0x08004d5c       0x94 /opt/st/stm32cubeide_1.18.0/plugins/com.st.stm32cube.ide.mcu.externaltools.gnu-tools-for-stm32.13.3.rel1.linux64_1.0.0.202410170706/tools/bin/../lib/gcc/arm-none-eabi/13.3.1/../../../../arm-none-eabi/lib/thumb/v7e-m+fp/hard/libc_nano.a(libc_a-freer.o)
                0x08004d5c                _free_r
 .text.sbrk_aligned
                0x08004df0       0x44 /opt/st/stm32cubeide_1.18.0/plugins/com.st.stm32cube.ide.mcu.externaltools.gnu-tools-for-stm32.13.3.rel1.linux64_1.0.0.202410170706/tools/bin/../lib/gcc/arm-none-eabi/13.3.1/../../../../arm-none-eabi/lib/thumb/v7e-m+fp/hard/libc_nano.a(libc_a-mallocr.o)
 .text._malloc_r
                0x08004e34      0x100 /opt/st/stm32cubeide_1.18.0/plugins/com.st.stm32cube.ide.mcu.externaltools.gnu-tools-for-stm32.13.3.rel1.linux64_1.0.0.202410170706/tools/bin/../lib/gcc/arm-none-eabi/13.3.1/../../../../arm-none-eabi/lib/thumb/v7e-m+fp/hard/libc_nano.a(libc_a-mallocr.o)
                0x08004e34                _malloc_r
 .text.__malloc_lock
                0x08004f34        0xc /opt/st/stm32cubeide_1.18.0/plugins/com.st.stm32cube.ide.mcu.externaltools.gnu-tools-for-stm32.13.3.rel1.linux64_1.0.0.202410170706/tools/bin/../lib/gcc/arm-none-eabi/13.3.1/../../../../arm-none-eabi/lib/thumb/v7e-m+fp/hard/libc_nano.a(libc_a-mlock.o)
                0x08004f34                __malloc_lock
 .text.__malloc_unlock
                0x08004f40        0xc /opt/st/stm32cubeide_1.18.0/plugins/com.st.stm32cube.ide.mcu.externaltools.gnu-tools-for-stm32.13.3.rel1.linux64_1.0.0.202410170706/tools/bin/../lib/gcc/arm-none-eabi/13.3.1/../../../../arm-none-eabi/lib/thumb/v7e-m+fp/hard/libc_nano.a(libc_a-mlock.o)
                0x08004f40                __malloc_unlock
 .text.__sflush_r
                0x08004f4c      0x108 /opt/st/stm32cubeide_1.18.0/plugins/com.st.stm32cube.ide.mcu.externaltools.gnu-tools-for-stm32.13.3.rel1.linux64_1.0.0.202410170706/tools/bin/../lib/gcc/arm-none-eabi/13.3.1/../../../../arm-none-eabi/lib/thumb/v7e-m+fp/hard/libc_nano.a(libc_a-fflush.o)
                0x08004f4c                __sflush_r
 .text._fflush_r
                0x08005054       0x50 /opt/st/stm32cubeide_1.18.0/plugins/com.st.stm32cube.ide.mcu.externaltools.gnu-tools-for-stm32.13.3.rel1.linux64_1.0.0.202410170706/tools/bin/../lib/gcc/arm-none-eabi/13.3.1/../../../../arm-none-eabi/lib/thumb/v7e-m+fp/hard/libc_nano.a(libc_a-fflush.o)
                0x08005054                _fflush_r
 .text.__swhatbuf_r
                0x080050a4       0x4c /opt/st/stm32cubeide_1.18.0/plugins/com.st.stm32cube.ide.mcu.externaltools.gnu-tools-for-stm32.13.3.rel1.linux64_1.0.0.202410170706/tools/bin/../lib/gcc/arm-none-eabi/13.3.1/../../../../arm-none-eabi/lib/thumb/v7e-m+fp/hard/libc_nano.a(libc_a-makebuf.o)
                0x080050a4                __swhatbuf_r
 .text.__smakebuf_r
                0x080050f0       0x78 /opt/st/stm32cubeide_1.18.0/plugins/com.st.stm32cube.ide.mcu.externaltools.gnu-tools-for-stm32.13.3.rel1.linux64_1.0.0.202410170706/tools/bin/../lib/gcc/arm-none-eabi/13.3.1/../../../../arm-none-eabi/lib/thumb/v7e-m+fp/hard/libc_nano.a(libc_a-makebuf.o)
                0x080050f0                __smakebuf_r
 .text._fstat_r
                0x08005168       0x24 /opt/st/stm32cubeide_1.18.0/plugins/com.st.stm32cube.ide.mcu.externaltools.gnu-tools-for-stm32.13.3.rel1.linux64_1.0.0.202410170706/tools/bin/../lib/gcc/arm-none-eabi/13.3.1/../../../../arm-none-eabi/lib/thumb/v7e-m+fp/hard/libc_nano.a(libc_a-fstatr.o)
                0x08005168                _fstat_r
 .text._isatty_r
                0x0800518c       0x20 /opt/st/stm32cubeide_1.18.0/plugins/com.st.stm32cube.ide.mcu.externaltools.gnu-tools-for-stm32.13.3.rel1.linux64_1.0.0.202410170706/tools/bin/../lib/gcc/arm-none-eabi/13.3.1/../../../../arm-none-eabi/lib/thumb/v7e-m+fp/hard/libc_nano.a(libc_a-isattyr.o)
                0x0800518c                _isatty_r
 .text._sbrk_r  0x080051ac       0x20 /opt/st/stm32cubeide_1.18.0/plugins/com.st.stm32cube.ide.mcu.externaltools.gnu-tools-for-stm32.13.3.rel1.linux64_1.0.0.202410170706/tools/bin/../lib/gcc/arm-none-eabi/13.3.1/../../../../arm-none-eabi/lib/thumb/v7e-m+fp/hard/libc_nano.a(libc_a-sbrkr.o)
                0x080051ac                _sbrk_r
 .text._sbrk    0x080051cc       0x1c /opt/st/stm32cubeide_1.18.0/plugins/com.st.stm32cube.ide.mcu.externaltools.gnu-tools-for-stm32.13.3.rel1.linux64_1.0.0.202410170706/tools/bin/../lib/gcc/arm-none-eabi/13.3.1/../../../../arm-none-eabi/lib/thumb/v7e-m+fp/hard/libnosys.a(sbrk.o)
                0x080051cc                _sbrk
 *(.glue_7)
 .glue_7        0x080051e8        0x0 linker stubs
 *(.glue_7t)
 .glue_7t       0x080051e8        0x0 linker stubs
 *(.eh_frame)
 .eh_frame      0x080051e8        0x0 /opt/st/stm32cubeide_1.18.0/plugins/com.st.stm32cube.ide.mcu.externaltools.gnu-tools-for-stm32.13.3.rel1.linux64_1.0.0.202410170706/tools/bin/../lib/gcc/arm-none-eabi/13.3.1/thumb/v7e-m+fp/hard/crtbegin.o
 *(.init)
 .init          0x080051e8        0x4 /opt/st/stm32cubeide_1.18.0/plugins/com.st.stm32cube.ide.mcu.externaltools.gnu-tools-for-stm32.13.3.rel1.linux64_1.0.0.202410170706/tools/bin/../lib/gcc/arm-none-eabi/13.3.1/thumb/v7e-m+fp/hard/crti.o
                0x080051e8                _init
 .init          0x080051ec        0x8 /opt/st/stm32cubeide_1.18.0/plugins/com.st.stm32cube.ide.mcu.externaltools.gnu-tools-for-stm32.13.3.rel1.linux64_1.0.0.202410170706/tools/bin/../lib/gcc/arm-none-eabi/13.3.1/thumb/v7e-m+fp/hard/crtn.o
 *(.fini)
 .fini          0x080051f4        0x4 /opt/st/stm32cubeide_1.18.0/plugins/com.st.stm32cube.ide.mcu.externaltools.gnu-tools-for-stm32.13.3.rel1.linux64_1.0.0.202410170706/tools/bin/../lib/gcc/arm-none-eabi/13.3.1/thumb/v7e-m+fp/hard/crti.o
                0x080051f4                _fini
 .fini          0x080051f8        0x8 /opt/st/stm32cubeide_1.18.0/plugins/com.st.stm32cube.ide.mcu.externaltools.gnu-tools-for-stm32.13.3.rel1.linux64_1.0.0.202410170706/tools/bin/../lib/gcc/arm-none-eabi/13.3.1/thumb/v7e-m+fp/hard/crtn.o
                0x08005200                        . = ALIGN (0x4)
                0x08005200                        _etext = .

.vfp11_veneer   0x08005200        0x0
 .vfp11_veneer  0x08005200        0x0 linker stubs

.v4_bx          0x08005200        0x0
 .v4_bx         0x08005200        0x0 linker stubs

.iplt           0x08005200        0x0
 .iplt          0x08005200        0x0 /opt/st/stm32cubeide_1.18.0/plugins/com.st.stm32cube.ide.mcu.externaltools.gnu-tools-for-stm32.13.3.rel1.linux64_1.0.0.202410170706/tools/bin/../lib/gcc/arm-none-eabi/13.3.1/thumb/v7e-m+fp/hard/crtbegin.o

.rodata         0x08005200       0xc0
                0x08005200                        . = ALIGN (0x4)
 *(.rodata)
 .rodata        0x08005200       0x89 ./Core/Src/main.o
 *fill*         0x08005289        0x3 
 .rodata        0x0800528c        0x5 ./ThirdParty/FreeRTOS/tasks.o
 *fill*         0x08005291        0x3 
 .rodata        0x08005294        0xd ./ThirdParty/FreeRTOS/timers.o
 *(.rodata*)
 *fill*         0x080052a1        0x3 
 .rodata.AHBPrescTable
                0x080052a4       0x10 ./Core/Src/system_stm32f4xx.o
                0x080052a4                AHBPrescTable
 .rodata.APBPrescTable
                0x080052b4        0x8 ./Core/Src/system_stm32f4xx.o
                0x080052b4                APBPrescTable
 .rodata.uxTopUsedPriority
                0x080052bc        0x4 ./ThirdParty/FreeRTOS/tasks.o
                0x080052bc                uxTopUsedPriority
                0x080052c0                        . = ALIGN (0x4)

.ARM.extab      0x080052c0        0x0
                0x080052c0                        . = ALIGN (0x4)
 *(.ARM.extab* .gnu.linkonce.armextab.*)
                0x080052c0                        . = ALIGN (0x4)

.ARM            0x080052c0        0x8
                0x080052c0                        . = ALIGN (0x4)
                0x080052c0                        __exidx_start = .
 *(.ARM.exidx*)
 .ARM.exidx     0x080052c0        0x8 /opt/st/stm32cubeide_1.18.0/plugins/com.st.stm32cube.ide.mcu.externaltools.gnu-tools-for-stm32.13.3.rel1.linux64_1.0.0.202410170706/tools/bin/../lib/gcc/arm-none-eabi/13.3.1/thumb/v7e-m+fp/hard/libgcc.a(_udivmoddi4.o)
                0x080052c8                        __exidx_end = .
                0x080052c8                        . = ALIGN (0x4)

.preinit_array  0x080052c8        0x0
                0x080052c8                        . = ALIGN (0x4)
                0x080052c8                        PROVIDE (__preinit_array_start = .)
 *(.preinit_array*)
                0x080052c8                        PROVIDE (__preinit_array_end = .)
                0x080052c8                        . = ALIGN (0x4)

.init_array     0x080052c8        0x4
                0x080052c8                        . = ALIGN (0x4)
                0x080052c8                        PROVIDE (__init_array_start = .)
 *(SORT_BY_NAME(.init_array.*))
 *(.init_array*)
 .init_array    0x080052c8        0x4 /opt/st/stm32cubeide_1.18.0/plugins/com.st.stm32cube.ide.mcu.externaltools.gnu-tools-for-stm32.13.3.rel1.linux64_1.0.0.202410170706/tools/bin/../lib/gcc/arm-none-eabi/13.3.1/thumb/v7e-m+fp/hard/crtbegin.o
                0x080052cc                        PROVIDE (__init_array_end = .)
                0x080052cc                        . = ALIGN (0x4)

.fini_array     0x080052cc        0x4
                0x080052cc                        . = ALIGN (0x4)
                [!provide]                        PROVIDE (__fini_array_start = .)
 *(SORT_BY_NAME(.fini_array.*))
 *(.fini_array*)
 .fini_array    0x080052cc        0x4 /opt/st/stm32cubeide_1.18.0/plugins/com.st.stm32cube.ide.mcu.externaltools.gnu-tools-for-stm32.13.3.rel1.linux64_1.0.0.202410170706/tools/bin/../lib/gcc/arm-none-eabi/13.3.1/thumb/v7e-m+fp/hard/crtbegin.o
                [!provide]                        PROVIDE (__fini_array_end = .)
                0x080052d0                        . = ALIGN (0x4)
                0x080052d0                        _sidata = LOADADDR (.data)

.rel.dyn        0x080052d0        0x0
 .rel.iplt      0x080052d0        0x0 /opt/st/stm32cubeide_1.18.0/plugins/com.st.stm32cube.ide.mcu.externaltools.gnu-tools-for-stm32.13.3.rel1.linux64_1.0.0.202410170706/tools/bin/../lib/gcc/arm-none-eabi/13.3.1/thumb/v7e-m+fp/hard/crtbegin.o

.data           0x20000000       0x6c load address 0x080052d0
                0x20000000                        . = ALIGN (0x4)
                0x20000000                        _sdata = .
 *(.data)
 *(.data*)
 .data.SystemCoreClock
                0x20000000        0x4 ./Core/Src/system_stm32f4xx.o
                0x20000000                SystemCoreClock
 .data.uwTickPrio
                0x20000004        0x4 ./Drivers/STM32F4xx_HAL_Driver/Src/stm32f4xx_hal.o
                0x20000004                uwTickPrio
 .data.uwTickFreq
                0x20000008        0x1 ./Drivers/STM32F4xx_HAL_Driver/Src/stm32f4xx_hal.o
                0x20000008                uwTickFreq
 *fill*         0x20000009        0x3 
 .data.uxCriticalNesting
                0x2000000c        0x4 ./ThirdParty/FreeRTOS/portable/GCC/ARM_CM4F/port.o
 .data.__sglue  0x20000010        0xc /opt/st/stm32cubeide_1.18.0/plugins/com.st.stm32cube.ide.mcu.externaltools.gnu-tools-for-stm32.13.3.rel1.linux64_1.0.0.202410170706/tools/bin/../lib/gcc/arm-none-eabi/13.3.1/../../../../arm-none-eabi/lib/thumb/v7e-m+fp/hard/libc_nano.a(libc_a-findfp.o)
                0x20000010                __sglue
 .data._impure_ptr
                0x2000001c        0x4 /opt/st/stm32cubeide_1.18.0/plugins/com.st.stm32cube.ide.mcu.externaltools.gnu-tools-for-stm32.13.3.rel1.linux64_1.0.0.202410170706/tools/bin/../lib/gcc/arm-none-eabi/13.3.1/../../../../arm-none-eabi/lib/thumb/v7e-m+fp/hard/libc_nano.a(libc_a-impure.o)
                0x2000001c                _impure_ptr
 .data._impure_data
                0x20000020       0x4c /opt/st/stm32cubeide_1.18.0/plugins/com.st.stm32cube.ide.mcu.externaltools.gnu-tools-for-stm32.13.3.rel1.linux64_1.0.0.202410170706/tools/bin/../lib/gcc/arm-none-eabi/13.3.1/../../../../arm-none-eabi/lib/thumb/v7e-m+fp/hard/libc_nano.a(libc_a-impure.o)
                0x20000020                _impure_data
 *(.RamFunc)
 *(.RamFunc*)
                0x2000006c                        . = ALIGN (0x4)
                0x2000006c                        _edata = .
                0x0800533c                        _siccmram = LOADADDR (.ccmram)

.igot.plt       0x2000006c        0x0 load address 0x0800533c
 .igot.plt      0x2000006c        0x0 /opt/st/stm32cubeide_1.18.0/plugins/com.st.stm32cube.ide.mcu.externaltools.gnu-tools-for-stm32.13.3.rel1.linux64_1.0.0.202410170706/tools/bin/../lib/gcc/arm-none-eabi/13.3.1/thumb/v7e-m+fp/hard/crtbegin.o

.ccmram         0x10000000        0x0 load address 0x0800533c
                0x10000000                        . = ALIGN (0x4)
                0x10000000                        _sccmram = .
 *(.ccmram)
 *(.ccmram*)
                0x10000000                        . = ALIGN (0x4)
                0x10000000                        _eccmram = .
                0x10000000                        . = ALIGN (0x4)

.bss            0x2000006c    0x12f60
                0x2000006c                        _sbss = .
                0x2000006c                        __bss_start__ = _sbss
 *(.bss)
 .bss           0x2000006c       0x1c /opt/st/stm32cubeide_1.18.0/plugins/com.st.stm32cube.ide.mcu.externaltools.gnu-tools-for-stm32.13.3.rel1.linux64_1.0.0.202410170706/tools/bin/../lib/gcc/arm-none-eabi/13.3.1/thumb/v7e-m+fp/hard/crtbegin.o
 *(.bss*)
 .bss.htim6     0x20000088       0x48 ./Core/Src/stm32f4xx_hal_timebase_tim.o
                0x20000088                htim6
 .bss.uwTick    0x200000d0        0x4 ./Drivers/STM32F4xx_HAL_Driver/Src/stm32f4xx_hal.o
                0x200000d0                uwTick
 .bss.xQueueRegistry
                0x200000d4       0x40 ./ThirdParty/FreeRTOS/queue.o
                0x200000d4                xQueueRegistry
 .bss.pxCurrentTCB
                0x20000114        0x4 ./ThirdParty/FreeRTOS/tasks.o
                0x20000114                pxCurrentTCB
 .bss.pxReadyTasksLists
                0x20000118       0x64 ./ThirdParty/FreeRTOS/tasks.o
 .bss.xDelayedTaskList1
                0x2000017c       0x14 ./ThirdParty/FreeRTOS/tasks.o
 .bss.xDelayedTaskList2
                0x20000190       0x14 ./ThirdParty/FreeRTOS/tasks.o
 .bss.pxDelayedTaskList
                0x200001a4        0x4 ./ThirdParty/FreeRTOS/tasks.o
 .bss.pxOverflowDelayedTaskList
                0x200001a8        0x4 ./ThirdParty/FreeRTOS/tasks.o
 .bss.xPendingReadyList
                0x200001ac       0x14 ./ThirdParty/FreeRTOS/tasks.o
 .bss.xTasksWaitingTermination
                0x200001c0       0x14 ./ThirdParty/FreeRTOS/tasks.o
 .bss.uxDeletedTasksWaitingCleanUp
                0x200001d4        0x4 ./ThirdParty/FreeRTOS/tasks.o
 .bss.xSuspendedTaskList
                0x200001d8       0x14 ./ThirdParty/FreeRTOS/tasks.o
 .bss.uxCurrentNumberOfTasks
                0x200001ec        0x4 ./ThirdParty/FreeRTOS/tasks.o
 .bss.xTickCount
                0x200001f0        0x4 ./ThirdParty/FreeRTOS/tasks.o
 .bss.uxTopReadyPriority
                0x200001f4        0x4 ./ThirdParty/FreeRTOS/tasks.o
 .bss.xSchedulerRunning
                0x200001f8        0x4 ./ThirdParty/FreeRTOS/tasks.o
 .bss.xPendedTicks
                0x200001fc        0x4 ./ThirdParty/FreeRTOS/tasks.o
 .bss.xYieldPending
                0x20000200        0x4 ./ThirdParty/FreeRTOS/tasks.o
 .bss.xNumOfOverflows
                0x20000204        0x4 ./ThirdParty/FreeRTOS/tasks.o
 .bss.uxTaskNumber
                0x20000208        0x4 ./ThirdParty/FreeRTOS/tasks.o
 .bss.xNextTaskUnblockTime
                0x2000020c        0x4 ./ThirdParty/FreeRTOS/tasks.o
 .bss.xIdleTaskHandle
                0x20000210        0x4 ./ThirdParty/FreeRTOS/tasks.o
 .bss.uxSchedulerSuspended
                0x20000214        0x4 ./ThirdParty/FreeRTOS/tasks.o
 .bss.xActiveTimerList1
                0x20000218       0x14 ./ThirdParty/FreeRTOS/timers.o
 .bss.xActiveTimerList2
                0x2000022c       0x14 ./ThirdParty/FreeRTOS/timers.o
 .bss.pxCurrentTimerList
                0x20000240        0x4 ./ThirdParty/FreeRTOS/timers.o
 .bss.pxOverflowTimerList
                0x20000244        0x4 ./ThirdParty/FreeRTOS/timers.o
 .bss.xTimerQueue
                0x20000248        0x4 ./ThirdParty/FreeRTOS/timers.o
 .bss.xTimerTaskHandle
                0x2000024c        0x4 ./ThirdParty/FreeRTOS/timers.o
 .bss.xLastTime.0
                0x20000250        0x4 ./ThirdParty/FreeRTOS/timers.o
 .bss.ucMaxSysCallPriority
                0x20000254        0x1 ./ThirdParty/FreeRTOS/portable/GCC/ARM_CM4F/port.o
 *fill*         0x20000255        0x3 
 .bss.ulMaxPRIGROUPValue
                0x20000258        0x4 ./ThirdParty/FreeRTOS/portable/GCC/ARM_CM4F/port.o
 .bss.ucHeap    0x2000025c    0x12c00 ./ThirdParty/FreeRTOS/portable/MemMang/heap_4.o
 .bss.xStart    0x20012e5c        0x8 ./ThirdParty/FreeRTOS/portable/MemMang/heap_4.o
 .bss.pxEnd     0x20012e64        0x4 ./ThirdParty/FreeRTOS/portable/MemMang/heap_4.o
 .bss.xFreeBytesRemaining
                0x20012e68        0x4 ./ThirdParty/FreeRTOS/portable/MemMang/heap_4.o
 .bss.xMinimumEverFreeBytesRemaining
                0x20012e6c        0x4 ./ThirdParty/FreeRTOS/portable/MemMang/heap_4.o
 .bss.xNumberOfSuccessfulAllocations
                0x20012e70        0x4 ./ThirdParty/FreeRTOS/portable/MemMang/heap_4.o
 .bss.xNumberOfSuccessfulFrees
                0x20012e74        0x4 ./ThirdParty/FreeRTOS/portable/MemMang/heap_4.o
 .bss.xBlockAllocatedBit
                0x20012e78        0x4 ./ThirdParty/FreeRTOS/portable/MemMang/heap_4.o
 .bss.__sf      0x20012e7c      0x138 /opt/st/stm32cubeide_1.18.0/plugins/com.st.stm32cube.ide.mcu.externaltools.gnu-tools-for-stm32.13.3.rel1.linux64_1.0.0.202410170706/tools/bin/../lib/gcc/arm-none-eabi/13.3.1/../../../../arm-none-eabi/lib/thumb/v7e-m+fp/hard/libc_nano.a(libc_a-findfp.o)
                0x20012e7c                __sf
 .bss.__stdio_exit_handler
                0x20012fb4        0x4 /opt/st/stm32cubeide_1.18.0/plugins/com.st.stm32cube.ide.mcu.externaltools.gnu-tools-for-stm32.13.3.rel1.linux64_1.0.0.202410170706/tools/bin/../lib/gcc/arm-none-eabi/13.3.1/../../../../arm-none-eabi/lib/thumb/v7e-m+fp/hard/libc_nano.a(libc_a-findfp.o)
                0x20012fb4                __stdio_exit_handler
 .bss.errno     0x20012fb8        0x4 /opt/st/stm32cubeide_1.18.0/plugins/com.st.stm32cube.ide.mcu.externaltools.gnu-tools-for-stm32.13.3.rel1.linux64_1.0.0.202410170706/tools/bin/../lib/gcc/arm-none-eabi/13.3.1/../../../../arm-none-eabi/lib/thumb/v7e-m+fp/hard/libc_nano.a(libc_a-reent.o)
                0x20012fb8                errno
 .bss.__lock___malloc_recursive_mutex
                0x20012fbc        0x1 /opt/st/stm32cubeide_1.18.0/plugins/com.st.stm32cube.ide.mcu.externaltools.gnu-tools-for-stm32.13.3.rel1.linux64_1.0.0.202410170706/tools/bin/../lib/gcc/arm-none-eabi/13.3.1/../../../../arm-none-eabi/lib/thumb/v7e-m+fp/hard/libc_nano.a(libc_a-lock.o)
                0x20012fbc                __lock___malloc_recursive_mutex
 .bss.__lock___sfp_recursive_mutex
                0x20012fbd        0x1 /opt/st/stm32cubeide_1.18.0/plugins/com.st.stm32cube.ide.mcu.externaltools.gnu-tools-for-stm32.13.3.rel1.linux64_1.0.0.202410170706/tools/bin/../lib/gcc/arm-none-eabi/13.3.1/../../../../arm-none-eabi/lib/thumb/v7e-m+fp/hard/libc_nano.a(libc_a-lock.o)
                0x20012fbd                __lock___sfp_recursive_mutex
 *fill*         0x20012fbe        0x2 
 .bss.__malloc_sbrk_start
                0x20012fc0        0x4 /opt/st/stm32cubeide_1.18.0/plugins/com.st.stm32cube.ide.mcu.externaltools.gnu-tools-for-stm32.13.3.rel1.linux64_1.0.0.202410170706/tools/bin/../lib/gcc/arm-none-eabi/13.3.1/../../../../arm-none-eabi/lib/thumb/v7e-m+fp/hard/libc_nano.a(libc_a-mallocr.o)
                0x20012fc0                __malloc_sbrk_start
 .bss.__malloc_free_list
                0x20012fc4        0x4 /opt/st/stm32cubeide_1.18.0/plugins/com.st.stm32cube.ide.mcu.externaltools.gnu-tools-for-stm32.13.3.rel1.linux64_1.0.0.202410170706/tools/bin/../lib/gcc/arm-none-eabi/13.3.1/../../../../arm-none-eabi/lib/thumb/v7e-m+fp/hard/libc_nano.a(libc_a-mallocr.o)
                0x20012fc4                __malloc_free_list
 .bss.heap_end.0
                0x20012fc8        0x4 /opt/st/stm32cubeide_1.18.0/plugins/com.st.stm32cube.ide.mcu.externaltools.gnu-tools-for-stm32.13.3.rel1.linux64_1.0.0.202410170706/tools/bin/../lib/gcc/arm-none-eabi/13.3.1/../../../../arm-none-eabi/lib/thumb/v7e-m+fp/hard/libnosys.a(sbrk.o)
 *(COMMON)
                0x20012fcc                        . = ALIGN (0x4)
                0x20012fcc                        _ebss = .
                0x20012fcc                        __bss_end__ = _ebss

._user_heap_stack
                0x20012fcc      0x604
                0x20012fd0                        . = ALIGN (0x8)
 *fill*         0x20012fcc        0x4 
                0x20012fd0                        PROVIDE (end = .)
                [!provide]                        PROVIDE (_end = .)
                0x200131d0                        . = (. + _Min_Heap_Size)
 *fill*         0x20012fd0      0x200 
                0x200135d0                        . = (. + _Min_Stack_Size)
 *fill*         0x200131d0      0x400 
                0x200135d0                        . = ALIGN (0x8)

/DISCARD/
 libc.a(*)
 libm.a(*)
 libgcc.a(*)

.ARM.attributes
                0x00000000       0x30
 *(.ARM.attributes)
 .ARM.attributes
                0x00000000       0x22 /opt/st/stm32cubeide_1.18.0/plugins/com.st.stm32cube.ide.mcu.externaltools.gnu-tools-for-stm32.13.3.rel1.linux64_1.0.0.202410170706/tools/bin/../lib/gcc/arm-none-eabi/13.3.1/thumb/v7e-m+fp/hard/crti.o
 .ARM.attributes
                0x00000022       0x34 /opt/st/stm32cubeide_1.18.0/plugins/com.st.stm32cube.ide.mcu.externaltools.gnu-tools-for-stm32.13.3.rel1.linux64_1.0.0.202410170706/tools/bin/../lib/gcc/arm-none-eabi/13.3.1/thumb/v7e-m+fp/hard/crtbegin.o
 .ARM.attributes
                0x00000056       0x34 ./Core/Src/main.o
 .ARM.attributes
                0x0000008a       0x34 ./Core/Src/stm32f4xx_hal_msp.o
 .ARM.attributes
                0x000000be       0x34 ./Core/Src/stm32f4xx_hal_timebase_tim.o
 .ARM.attributes
                0x000000f2       0x34 ./Core/Src/stm32f4xx_it.o
 .ARM.attributes
                0x00000126       0x34 ./Core/Src/syscalls.o
 .ARM.attributes
                0x0000015a       0x34 ./Core/Src/system_stm32f4xx.o
 .ARM.attributes
                0x0000018e       0x21 ./Core/Startup/startup_stm32f407vgtx.o
 .ARM.attributes
                0x000001af       0x34 ./Drivers/STM32F4xx_HAL_Driver/Src/stm32f4xx_hal.o
 .ARM.attributes
                0x000001e3       0x34 ./Drivers/STM32F4xx_HAL_Driver/Src/stm32f4xx_hal_cortex.o
 .ARM.attributes
                0x00000217       0x34 ./Drivers/STM32F4xx_HAL_Driver/Src/stm32f4xx_hal_gpio.o
 .ARM.attributes
                0x0000024b       0x34 ./Drivers/STM32F4xx_HAL_Driver/Src/stm32f4xx_hal_rcc.o
 .ARM.attributes
                0x0000027f       0x34 ./Drivers/STM32F4xx_HAL_Driver/Src/stm32f4xx_hal_tim.o
 .ARM.attributes
                0x000002b3       0x34 ./Drivers/STM32F4xx_HAL_Driver/Src/stm32f4xx_hal_tim_ex.o
 .ARM.attributes
                0x000002e7       0x34 ./ThirdParty/FreeRTOS/list.o
 .ARM.attributes
                0x0000031b       0x34 ./ThirdParty/FreeRTOS/queue.o
 .ARM.attributes
                0x0000034f       0x34 ./ThirdParty/FreeRTOS/tasks.o
 .ARM.attributes
                0x00000383       0x34 ./ThirdParty/FreeRTOS/timers.o
 .ARM.attributes
                0x000003b7       0x34 ./ThirdParty/FreeRTOS/portable/GCC/ARM_CM4F/port.o
 .ARM.attributes
                0x000003eb       0x34 ./ThirdParty/FreeRTOS/portable/MemMang/heap_4.o
 .ARM.attributes
                0x0000041f       0x34 /opt/st/stm32cubeide_1.18.0/plugins/com.st.stm32cube.ide.mcu.externaltools.gnu-tools-for-stm32.13.3.rel1.linux64_1.0.0.202410170706/tools/bin/../lib/gcc/arm-none-eabi/13.3.1/../../../../arm-none-eabi/lib/thumb/v7e-m+fp/hard/libc_nano.a(libc_a-findfp.o)
 .ARM.attributes
                0x00000453       0x34 /opt/st/stm32cubeide_1.18.0/plugins/com.st.stm32cube.ide.mcu.externaltools.gnu-tools-for-stm32.13.3.rel1.linux64_1.0.0.202410170706/tools/bin/../lib/gcc/arm-none-eabi/13.3.1/../../../../arm-none-eabi/lib/thumb/v7e-m+fp/hard/libc_nano.a(libc_a-fwalk.o)
 .ARM.attributes
                0x00000487       0x34 /opt/st/stm32cubeide_1.18.0/plugins/com.st.stm32cube.ide.mcu.externaltools.gnu-tools-for-stm32.13.3.rel1.linux64_1.0.0.202410170706/tools/bin/../lib/gcc/arm-none-eabi/13.3.1/../../../../arm-none-eabi/lib/thumb/v7e-m+fp/hard/libc_nano.a(libc_a-puts.o)
 .ARM.attributes
                0x000004bb       0x34 /opt/st/stm32cubeide_1.18.0/plugins/com.st.stm32cube.ide.mcu.externaltools.gnu-tools-for-stm32.13.3.rel1.linux64_1.0.0.202410170706/tools/bin/../lib/gcc/arm-none-eabi/13.3.1/../../../../arm-none-eabi/lib/thumb/v7e-m+fp/hard/libc_nano.a(libc_a-stdio.o)
 .ARM.attributes
                0x000004ef       0x34 /opt/st/stm32cubeide_1.18.0/plugins/com.st.stm32cube.ide.mcu.externaltools.gnu-tools-for-stm32.13.3.rel1.linux64_1.0.0.202410170706/tools/bin/../lib/gcc/arm-none-eabi/13.3.1/../../../../arm-none-eabi/lib/thumb/v7e-m+fp/hard/libc_nano.a(libc_a-wbuf.o)
 .ARM.attributes
                0x00000523       0x34 /opt/st/stm32cubeide_1.18.0/plugins/com.st.stm32cube.ide.mcu.externaltools.gnu-tools-for-stm32.13.3.rel1.linux64_1.0.0.202410170706/tools/bin/../lib/gcc/arm-none-eabi/13.3.1/../../../../arm-none-eabi/lib/thumb/v7e-m+fp/hard/libc_nano.a(libc_a-wsetup.o)
 .ARM.attributes
                0x00000557       0x34 /opt/st/stm32cubeide_1.18.0/plugins/com.st.stm32cube.ide.mcu.externaltools.gnu-tools-for-stm32.13.3.rel1.linux64_1.0.0.202410170706/tools/bin/../lib/gcc/arm-none-eabi/13.3.1/../../../../arm-none-eabi/lib/thumb/v7e-m+fp/hard/libc_nano.a(libc_a-memset.o)
 .ARM.attributes
                0x0000058b       0x34 /opt/st/stm32cubeide_1.18.0/plugins/com.st.stm32cube.ide.mcu.externaltools.gnu-tools-for-stm32.13.3.rel1.linux64_1.0.0.202410170706/tools/bin/../lib/gcc/arm-none-eabi/13.3.1/../../../../arm-none-eabi/lib/thumb/v7e-m+fp/hard/libc_nano.a(libc_a-closer.o)
 .ARM.attributes
                0x000005bf       0x34 /opt/st/stm32cubeide_1.18.0/plugins/com.st.stm32cube.ide.mcu.externaltools.gnu-tools-for-stm32.13.3.rel1.linux64_1.0.0.202410170706/tools/bin/../lib/gcc/arm-none-eabi/13.3.1/../../../../arm-none-eabi/lib/thumb/v7e-m+fp/hard/libc_nano.a(libc_a-reent.o)
 .ARM.attributes
                0x000005f3       0x34 /opt/st/stm32cubeide_1.18.0/plugins/com.st.stm32cube.ide.mcu.externaltools.gnu-tools-for-stm32.13.3.rel1.linux64_1.0.0.202410170706/tools/bin/../lib/gcc/arm-none-eabi/13.3.1/../../../../arm-none-eabi/lib/thumb/v7e-m+fp/hard/libc_nano.a(libc_a-impure.o)
 .ARM.attributes
                0x00000627       0x34 /opt/st/stm32cubeide_1.18.0/plugins/com.st.stm32cube.ide.mcu.externaltools.gnu-tools-for-stm32.13.3.rel1.linux64_1.0.0.202410170706/tools/bin/../lib/gcc/arm-none-eabi/13.3.1/../../../../arm-none-eabi/lib/thumb/v7e-m+fp/hard/libc_nano.a(libc_a-lseekr.o)
 .ARM.attributes
                0x0000065b       0x34 /opt/st/stm32cubeide_1.18.0/plugins/com.st.stm32cube.ide.mcu.externaltools.gnu-tools-for-stm32.13.3.rel1.linux64_1.0.0.202410170706/tools/bin/../lib/gcc/arm-none-eabi/13.3.1/../../../../arm-none-eabi/lib/thumb/v7e-m+fp/hard/libc_nano.a(libc_a-readr.o)
 .ARM.attributes
                0x0000068f       0x34 /opt/st/stm32cubeide_1.18.0/plugins/com.st.stm32cube.ide.mcu.externaltools.gnu-tools-for-stm32.13.3.rel1.linux64_1.0.0.202410170706/tools/bin/../lib/gcc/arm-none-eabi/13.3.1/../../../../arm-none-eabi/lib/thumb/v7e-m+fp/hard/libc_nano.a(libc_a-writer.o)
 .ARM.attributes
                0x000006c3       0x34 /opt/st/stm32cubeide_1.18.0/plugins/com.st.stm32cube.ide.mcu.externaltools.gnu-tools-for-stm32.13.3.rel1.linux64_1.0.0.202410170706/tools/bin/../lib/gcc/arm-none-eabi/13.3.1/../../../../arm-none-eabi/lib/thumb/v7e-m+fp/hard/libc_nano.a(libc_a-init.o)
 .ARM.attributes
                0x000006f7       0x34 /opt/st/stm32cubeide_1.18.0/plugins/com.st.stm32cube.ide.mcu.externaltools.gnu-tools-for-stm32.13.3.rel1.linux64_1.0.0.202410170706/tools/bin/../lib/gcc/arm-none-eabi/13.3.1/../../../../arm-none-eabi/lib/thumb/v7e-m+fp/hard/libc_nano.a(libc_a-lock.o)
 .ARM.attributes
                0x0000072b       0x34 /opt/st/stm32cubeide_1.18.0/plugins/com.st.stm32cube.ide.mcu.externaltools.gnu-tools-for-stm32.13.3.rel1.linux64_1.0.0.202410170706/tools/bin/../lib/gcc/arm-none-eabi/13.3.1/../../../../arm-none-eabi/lib/thumb/v7e-m+fp/hard/libc_nano.a(libc_a-memcpy-stub.o)
 .ARM.attributes
                0x0000075f       0x34 /opt/st/stm32cubeide_1.18.0/plugins/com.st.stm32cube.ide.mcu.externaltools.gnu-tools-for-stm32.13.3.rel1.linux64_1.0.0.202410170706/tools/bin/../lib/gcc/arm-none-eabi/13.3.1/../../../../arm-none-eabi/lib/thumb/v7e-m+fp/hard/libc_nano.a(libc_a-freer.o)
 .ARM.attributes
                0x00000793       0x34 /opt/st/stm32cubeide_1.18.0/plugins/com.st.stm32cube.ide.mcu.externaltools.gnu-tools-for-stm32.13.3.rel1.linux64_1.0.0.202410170706/tools/bin/../lib/gcc/arm-none-eabi/13.3.1/../../../../arm-none-eabi/lib/thumb/v7e-m+fp/hard/libc_nano.a(libc_a-mallocr.o)
 .ARM.attributes
                0x000007c7       0x34 /opt/st/stm32cubeide_1.18.0/plugins/com.st.stm32cube.ide.mcu.externaltools.gnu-tools-for-stm32.13.3.rel1.linux64_1.0.0.202410170706/tools/bin/../lib/gcc/arm-none-eabi/13.3.1/../../../../arm-none-eabi/lib/thumb/v7e-m+fp/hard/libc_nano.a(libc_a-mlock.o)
 .ARM.attributes
                0x000007fb       0x34 /opt/st/stm32cubeide_1.18.0/plugins/com.st.stm32cube.ide.mcu.externaltools.gnu-tools-for-stm32.13.3.rel1.linux64_1.0.0.202410170706/tools/bin/../lib/gcc/arm-none-eabi/13.3.1/../../../../arm-none-eabi/lib/thumb/v7e-m+fp/hard/libc_nano.a(libc_a-fflush.o)
 .ARM.attributes
                0x0000082f       0x34 /opt/st/stm32cubeide_1.18.0/plugins/com.st.stm32cube.ide.mcu.externaltools.gnu-tools-for-stm32.13.3.rel1.linux64_1.0.0.202410170706/tools/bin/../lib/gcc/arm-none-eabi/13.3.1/../../../../arm-none-eabi/lib/thumb/v7e-m+fp/hard/libc_nano.a(libc_a-makebuf.o)
 .ARM.attributes
                0x00000863       0x34 /opt/st/stm32cubeide_1.18.0/plugins/com.st.stm32cube.ide.mcu.externaltools.gnu-tools-for-stm32.13.3.rel1.linux64_1.0.0.202410170706/tools/bin/../lib/gcc/arm-none-eabi/13.3.1/../../../../arm-none-eabi/lib/thumb/v7e-m+fp/hard/libc_nano.a(libc_a-fstatr.o)
 .ARM.attributes
                0x00000897       0x34 /opt/st/stm32cubeide_1.18.0/plugins/com.st.stm32cube.ide.mcu.externaltools.gnu-tools-for-stm32.13.3.rel1.linux64_1.0.0.202410170706/tools/bin/../lib/gcc/arm-none-eabi/13.3.1/../../../../arm-none-eabi/lib/thumb/v7e-m+fp/hard/libc_nano.a(libc_a-isattyr.o)
 .ARM.attributes
                0x000008cb       0x34 /opt/st/stm32cubeide_1.18.0/plugins/com.st.stm32cube.ide.mcu.externaltools.gnu-tools-for-stm32.13.3.rel1.linux64_1.0.0.202410170706/tools/bin/../lib/gcc/arm-none-eabi/13.3.1/../../../../arm-none-eabi/lib/thumb/v7e-m+fp/hard/libc_nano.a(libc_a-sbrkr.o)
 .ARM.attributes
                0x000008ff       0x22 /opt/st/stm32cubeide_1.18.0/plugins/com.st.stm32cube.ide.mcu.externaltools.gnu-tools-for-stm32.13.3.rel1.linux64_1.0.0.202410170706/tools/bin/../lib/gcc/arm-none-eabi/13.3.1/thumb/v7e-m+fp/hard/libgcc.a(_aeabi_uldivmod.o)
 .ARM.attributes
                0x00000921       0x34 /opt/st/stm32cubeide_1.18.0/plugins/com.st.stm32cube.ide.mcu.externaltools.gnu-tools-for-stm32.13.3.rel1.linux64_1.0.0.202410170706/tools/bin/../lib/gcc/arm-none-eabi/13.3.1/thumb/v7e-m+fp/hard/libgcc.a(_udivmoddi4.o)
 .ARM.attributes
                0x00000955       0x22 /opt/st/stm32cubeide_1.18.0/plugins/com.st.stm32cube.ide.mcu.externaltools.gnu-tools-for-stm32.13.3.rel1.linux64_1.0.0.202410170706/tools/bin/../lib/gcc/arm-none-eabi/13.3.1/thumb/v7e-m+fp/hard/libgcc.a(_dvmd_tls.o)
 .ARM.attributes
                0x00000977       0x34 /opt/st/stm32cubeide_1.18.0/plugins/com.st.stm32cube.ide.mcu.externaltools.gnu-tools-for-stm32.13.3.rel1.linux64_1.0.0.202410170706/tools/bin/../lib/gcc/arm-none-eabi/13.3.1/../../../../arm-none-eabi/lib/thumb/v7e-m+fp/hard/libnosys.a(sbrk.o)
 .ARM.attributes
                0x000009ab       0x22 /opt/st/stm32cubeide_1.18.0/plugins/com.st.stm32cube.ide.mcu.externaltools.gnu-tools-for-stm32.13.3.rel1.linux64_1.0.0.202410170706/tools/bin/../lib/gcc/arm-none-eabi/13.3.1/thumb/v7e-m+fp/hard/crtn.o
OUTPUT(001Task.elf elf32-littlearm)
LOAD linker stubs
LOAD /opt/st/stm32cubeide_1.18.0/plugins/com.st.stm32cube.ide.mcu.externaltools.gnu-tools-for-stm32.13.3.rel1.linux64_1.0.0.202410170706/tools/bin/../lib/gcc/arm-none-eabi/13.3.1/../../../../arm-none-eabi/lib/thumb/v7e-m+fp/hard/libc.a
LOAD /opt/st/stm32cubeide_1.18.0/plugins/com.st.stm32cube.ide.mcu.externaltools.gnu-tools-for-stm32.13.3.rel1.linux64_1.0.0.202410170706/tools/bin/../lib/gcc/arm-none-eabi/13.3.1/../../../../arm-none-eabi/lib/thumb/v7e-m+fp/hard/libm.a
LOAD /opt/st/stm32cubeide_1.18.0/plugins/com.st.stm32cube.ide.mcu.externaltools.gnu-tools-for-stm32.13.3.rel1.linux64_1.0.0.202410170706/tools/bin/../lib/gcc/arm-none-eabi/13.3.1/thumb/v7e-m+fp/hard/libgcc.a

.debug_info     0x00000000     0xe719
 .debug_info    0x00000000      0xe55 ./Core/Src/main.o
 .debug_info    0x00000e55      0x269 ./Core/Src/stm32f4xx_hal_msp.o
 .debug_info    0x000010be      0xbee ./Core/Src/stm32f4xx_hal_timebase_tim.o
 .debug_info    0x00001cac      0x6ab ./Core/Src/stm32f4xx_it.o
 .debug_info    0x00002357      0x6d1 ./Core/Src/syscalls.o
 .debug_info    0x00002a28      0x512 ./Core/Src/system_stm32f4xx.o
 .debug_info    0x00002f3a       0x30 ./Core/Startup/startup_stm32f407vgtx.o
 .debug_info    0x00002f6a      0x944 ./Drivers/STM32F4xx_HAL_Driver/Src/stm32f4xx_hal.o
 .debug_info    0x000038ae      0xd8c ./Drivers/STM32F4xx_HAL_Driver/Src/stm32f4xx_hal_cortex.o
 .debug_info    0x0000463a      0x6c3 ./Drivers/STM32F4xx_HAL_Driver/Src/stm32f4xx_hal_gpio.o
 .debug_info    0x00004cfd      0x8af ./Drivers/STM32F4xx_HAL_Driver/Src/stm32f4xx_hal_rcc.o
 .debug_info    0x000055ac     0x299d ./Drivers/STM32F4xx_HAL_Driver/Src/stm32f4xx_hal_tim.o
 .debug_info    0x00007f49     0x14db ./Drivers/STM32F4xx_HAL_Driver/Src/stm32f4xx_hal_tim_ex.o
 .debug_info    0x00009424      0x2af ./ThirdParty/FreeRTOS/list.o
 .debug_info    0x000096d3     0x17d9 ./ThirdParty/FreeRTOS/queue.o
 .debug_info    0x0000aeac     0x206a ./ThirdParty/FreeRTOS/tasks.o
 .debug_info    0x0000cf16      0xe4d ./ThirdParty/FreeRTOS/timers.o
 .debug_info    0x0000dd63      0x4e1 ./ThirdParty/FreeRTOS/portable/GCC/ARM_CM4F/port.o
 .debug_info    0x0000e244      0x4d5 ./ThirdParty/FreeRTOS/portable/MemMang/heap_4.o

.debug_abbrev   0x00000000     0x27d0
 .debug_abbrev  0x00000000      0x2f5 ./Core/Src/main.o
 .debug_abbrev  0x000002f5       0xd8 ./Core/Src/stm32f4xx_hal_msp.o
 .debug_abbrev  0x000003cd      0x1f4 ./Core/Src/stm32f4xx_hal_timebase_tim.o
 .debug_abbrev  0x000005c1      0x17d ./Core/Src/stm32f4xx_it.o
 .debug_abbrev  0x0000073e      0x1b1 ./Core/Src/syscalls.o
 .debug_abbrev  0x000008ef      0x11a ./Core/Src/system_stm32f4xx.o
 .debug_abbrev  0x00000a09       0x24 ./Core/Startup/startup_stm32f407vgtx.o
 .debug_abbrev  0x00000a2d      0x214 ./Drivers/STM32F4xx_HAL_Driver/Src/stm32f4xx_hal.o
 .debug_abbrev  0x00000c41      0x31d ./Drivers/STM32F4xx_HAL_Driver/Src/stm32f4xx_hal_cortex.o
 .debug_abbrev  0x00000f5e      0x1d4 ./Drivers/STM32F4xx_HAL_Driver/Src/stm32f4xx_hal_gpio.o
 .debug_abbrev  0x00001132      0x2b7 ./Drivers/STM32F4xx_HAL_Driver/Src/stm32f4xx_hal_rcc.o
 .debug_abbrev  0x000013e9      0x278 ./Drivers/STM32F4xx_HAL_Driver/Src/stm32f4xx_hal_tim.o
 .debug_abbrev  0x00001661      0x283 ./Drivers/STM32F4xx_HAL_Driver/Src/stm32f4xx_hal_tim_ex.o
 .debug_abbrev  0x000018e4       0xf5 ./ThirdParty/FreeRTOS/list.o
 .debug_abbrev  0x000019d9      0x323 ./ThirdParty/FreeRTOS/queue.o
 .debug_abbrev  0x00001cfc      0x37e ./ThirdParty/FreeRTOS/tasks.o
 .debug_abbrev  0x0000207a      0x2de ./ThirdParty/FreeRTOS/timers.o
 .debug_abbrev  0x00002358      0x25a ./ThirdParty/FreeRTOS/portable/GCC/ARM_CM4F/port.o
 .debug_abbrev  0x000025b2      0x21e ./ThirdParty/FreeRTOS/portable/MemMang/heap_4.o

.debug_aranges  0x00000000      0xf40
 .debug_aranges
                0x00000000       0x50 ./Core/Src/main.o
 .debug_aranges
                0x00000050       0x20 ./Core/Src/stm32f4xx_hal_msp.o
 .debug_aranges
                0x00000070       0x30 ./Core/Src/stm32f4xx_hal_timebase_tim.o
 .debug_aranges
                0x000000a0       0x50 ./Core/Src/stm32f4xx_it.o
 .debug_aranges
                0x000000f0       0xb0 ./Core/Src/syscalls.o
 .debug_aranges
                0x000001a0       0x28 ./Core/Src/system_stm32f4xx.o
 .debug_aranges
                0x000001c8       0x28 ./Core/Startup/startup_stm32f407vgtx.o
 .debug_aranges
                0x000001f0       0xf0 ./Drivers/STM32F4xx_HAL_Driver/Src/stm32f4xx_hal.o
 .debug_aranges
                0x000002e0      0x130 ./Drivers/STM32F4xx_HAL_Driver/Src/stm32f4xx_hal_cortex.o
 .debug_aranges
                0x00000410       0x58 ./Drivers/STM32F4xx_HAL_Driver/Src/stm32f4xx_hal_gpio.o
 .debug_aranges
                0x00000468       0x88 ./Drivers/STM32F4xx_HAL_Driver/Src/stm32f4xx_hal_rcc.o
 .debug_aranges
                0x000004f0      0x3d0 ./Drivers/STM32F4xx_HAL_Driver/Src/stm32f4xx_hal_tim.o
 .debug_aranges
                0x000008c0      0x168 ./Drivers/STM32F4xx_HAL_Driver/Src/stm32f4xx_hal_tim_ex.o
 .debug_aranges
                0x00000a28       0x40 ./ThirdParty/FreeRTOS/list.o
 .debug_aranges
                0x00000a68      0x130 ./ThirdParty/FreeRTOS/queue.o
 .debug_aranges
                0x00000b98      0x1f8 ./ThirdParty/FreeRTOS/tasks.o
 .debug_aranges
                0x00000d90       0xd8 ./ThirdParty/FreeRTOS/timers.o
 .debug_aranges
                0x00000e68       0x80 ./ThirdParty/FreeRTOS/portable/GCC/ARM_CM4F/port.o
 .debug_aranges
                0x00000ee8       0x58 ./ThirdParty/FreeRTOS/portable/MemMang/heap_4.o

.debug_rnglists
                0x00000000      0xbb4
 .debug_rnglists
                0x00000000       0x3a ./Core/Src/main.o
 .debug_rnglists
                0x0000003a       0x13 ./Core/Src/stm32f4xx_hal_msp.o
 .debug_rnglists
                0x0000004d       0x20 ./Core/Src/stm32f4xx_hal_timebase_tim.o
 .debug_rnglists
                0x0000006d       0x37 ./Core/Src/stm32f4xx_it.o
 .debug_rnglists
                0x000000a4       0x7f ./Core/Src/syscalls.o
 .debug_rnglists
                0x00000123       0x1a ./Core/Src/system_stm32f4xx.o
 .debug_rnglists
                0x0000013d       0x19 ./Core/Startup/startup_stm32f407vgtx.o
 .debug_rnglists
                0x00000156       0xaf ./Drivers/STM32F4xx_HAL_Driver/Src/stm32f4xx_hal.o
 .debug_rnglists
                0x00000205       0xe0 ./Drivers/STM32F4xx_HAL_Driver/Src/stm32f4xx_hal_cortex.o
 .debug_rnglists
                0x000002e5       0x3f ./Drivers/STM32F4xx_HAL_Driver/Src/stm32f4xx_hal_gpio.o
 .debug_rnglists
                0x00000324       0x66 ./Drivers/STM32F4xx_HAL_Driver/Src/stm32f4xx_hal_rcc.o
 .debug_rnglists
                0x0000038a      0x31a ./Drivers/STM32F4xx_HAL_Driver/Src/stm32f4xx_hal_tim.o
 .debug_rnglists
                0x000006a4      0x125 ./Drivers/STM32F4xx_HAL_Driver/Src/stm32f4xx_hal_tim_ex.o
 .debug_rnglists
                0x000007c9       0x2b ./ThirdParty/FreeRTOS/list.o
 .debug_rnglists
                0x000007f4       0xeb ./ThirdParty/FreeRTOS/queue.o
 .debug_rnglists
                0x000008df      0x193 ./ThirdParty/FreeRTOS/tasks.o
 .debug_rnglists
                0x00000a72       0xa3 ./ThirdParty/FreeRTOS/timers.o
 .debug_rnglists
                0x00000b15       0x5d ./ThirdParty/FreeRTOS/portable/GCC/ARM_CM4F/port.o
 .debug_rnglists
                0x00000b72       0x42 ./ThirdParty/FreeRTOS/portable/MemMang/heap_4.o

.debug_macro    0x00000000    0x22d48
 .debug_macro   0x00000000      0x319 ./Core/Src/main.o
 .debug_macro   0x00000319      0xad8 ./Core/Src/main.o
 .debug_macro   0x00000df1      0x295 ./Core/Src/main.o
 .debug_macro   0x00001086       0x2e ./Core/Src/main.o
 .debug_macro   0x000010b4       0x2f ./Core/Src/main.o
 .debug_macro   0x000010e3       0x22 ./Core/Src/main.o
 .debug_macro   0x00001105       0x8e ./Core/Src/main.o
 .debug_macro   0x00001193       0x51 ./Core/Src/main.o
 .debug_macro   0x000011e4      0x103 ./Core/Src/main.o
 .debug_macro   0x000012e7       0x6a ./Core/Src/main.o
 .debug_macro   0x00001351      0x1df ./Core/Src/main.o
 .debug_macro   0x00001530       0x1c ./Core/Src/main.o
 .debug_macro   0x0000154c       0x22 ./Core/Src/main.o
 .debug_macro   0x0000156e       0xfb ./Core/Src/main.o
 .debug_macro   0x00001669     0x1011 ./Core/Src/main.o
 .debug_macro   0x0000267a      0x11f ./Core/Src/main.o
 .debug_macro   0x00002799    0x15e97 ./Core/Src/main.o
 .debug_macro   0x00018630       0x6d ./Core/Src/main.o
 .debug_macro   0x0001869d     0x369a ./Core/Src/main.o
 .debug_macro   0x0001bd37      0x190 ./Core/Src/main.o
 .debug_macro   0x0001bec7       0x5c ./Core/Src/main.o
 .debug_macro   0x0001bf23      0x980 ./Core/Src/main.o
 .debug_macro   0x0001c8a3      0x9e9 ./Core/Src/main.o
 .debug_macro   0x0001d28c      0x115 ./Core/Src/main.o
 .debug_macro   0x0001d3a1      0x13e ./Core/Src/main.o
 .debug_macro   0x0001d4df       0xa5 ./Core/Src/main.o
 .debug_macro   0x0001d584      0x174 ./Core/Src/main.o
 .debug_macro   0x0001d6f8      0x287 ./Core/Src/main.o
 .debug_macro   0x0001d97f       0x5f ./Core/Src/main.o
 .debug_macro   0x0001d9de      0x236 ./Core/Src/main.o
 .debug_macro   0x0001dc14      0x12c ./Core/Src/main.o
 .debug_macro   0x0001dd40      0x21e ./Core/Src/main.o
 .debug_macro   0x0001df5e       0x2e ./Core/Src/main.o
 .debug_macro   0x0001df8c      0x127 ./Core/Src/main.o
 .debug_macro   0x0001e0b3       0x7e ./Core/Src/main.o
 .debug_macro   0x0001e131       0x89 ./Core/Src/main.o
 .debug_macro   0x0001e1ba      0x8ed ./Core/Src/main.o
 .debug_macro   0x0001eaa7       0x4d ./Core/Src/main.o
 .debug_macro   0x0001eaf4      0x12d ./Core/Src/main.o
 .debug_macro   0x0001ec21      0x190 ./Core/Src/main.o
 .debug_macro   0x0001edb1       0x61 ./Core/Src/main.o
 .debug_macro   0x0001ee12       0x2a ./Core/Src/main.o
 .debug_macro   0x0001ee3c       0x43 ./Core/Src/main.o
 .debug_macro   0x0001ee7f       0x34 ./Core/Src/main.o
 .debug_macro   0x0001eeb3       0x16 ./Core/Src/main.o
 .debug_macro   0x0001eec9       0x3c ./Core/Src/main.o
 .debug_macro   0x0001ef05      0x370 ./Core/Src/main.o
 .debug_macro   0x0001f275       0x10 ./Core/Src/main.o
 .debug_macro   0x0001f285       0x16 ./Core/Src/main.o
 .debug_macro   0x0001f29b       0x4a ./Core/Src/main.o
 .debug_macro   0x0001f2e5       0x34 ./Core/Src/main.o
 .debug_macro   0x0001f319       0x10 ./Core/Src/main.o
 .debug_macro   0x0001f329       0x58 ./Core/Src/main.o
 .debug_macro   0x0001f381       0x8e ./Core/Src/main.o
 .debug_macro   0x0001f40f       0x1c ./Core/Src/main.o
 .debug_macro   0x0001f42b      0x185 ./Core/Src/main.o
 .debug_macro   0x0001f5b0       0x16 ./Core/Src/main.o
 .debug_macro   0x0001f5c6       0x16 ./Core/Src/main.o
 .debug_macro   0x0001f5dc      0x146 ./Core/Src/main.o
 .debug_macro   0x0001f722      0x106 ./Core/Src/main.o
 .debug_macro   0x0001f828      0x15a ./Core/Src/main.o
 .debug_macro   0x0001f982       0xea ./Core/Src/main.o
 .debug_macro   0x0001fa6c       0x1c ./Core/Src/main.o
 .debug_macro   0x0001fa88       0x26 ./Core/Src/main.o
 .debug_macro   0x0001faae      0x4fd ./Core/Src/main.o
 .debug_macro   0x0001ffab       0xb5 ./Core/Src/main.o
 .debug_macro   0x00020060      0x120 ./Core/Src/main.o
 .debug_macro   0x00020180      0x1d3 ./Core/Src/stm32f4xx_hal_msp.o
 .debug_macro   0x00020353      0x1c4 ./Core/Src/stm32f4xx_hal_timebase_tim.o
 .debug_macro   0x00020517      0x1dd ./Core/Src/stm32f4xx_it.o
 .debug_macro   0x000206f4      0x286 ./Core/Src/syscalls.o
 .debug_macro   0x0002097a       0x5b ./Core/Src/syscalls.o
 .debug_macro   0x000209d5       0x94 ./Core/Src/syscalls.o
 .debug_macro   0x00020a69       0x57 ./Core/Src/syscalls.o
 .debug_macro   0x00020ac0       0x10 ./Core/Src/syscalls.o
 .debug_macro   0x00020ad0       0x10 ./Core/Src/syscalls.o
 .debug_macro   0x00020ae0       0x10 ./Core/Src/syscalls.o
 .debug_macro   0x00020af0       0x10 ./Core/Src/syscalls.o
 .debug_macro   0x00020b00       0x1c ./Core/Src/syscalls.o
 .debug_macro   0x00020b1c       0x52 ./Core/Src/syscalls.o
 .debug_macro   0x00020b6e       0x22 ./Core/Src/syscalls.o
 .debug_macro   0x00020b90       0x10 ./Core/Src/syscalls.o
 .debug_macro   0x00020ba0       0x52 ./Core/Src/syscalls.o
 .debug_macro   0x00020bf2       0xcf ./Core/Src/syscalls.o
 .debug_macro   0x00020cc1       0x1c ./Core/Src/syscalls.o
 .debug_macro   0x00020cdd       0x3d ./Core/Src/syscalls.o
 .debug_macro   0x00020d1a       0x35 ./Core/Src/syscalls.o
 .debug_macro   0x00020d4f      0x12c ./Core/Src/syscalls.o
 .debug_macro   0x00020e7b       0x16 ./Core/Src/syscalls.o
 .debug_macro   0x00020e91       0x16 ./Core/Src/syscalls.o
 .debug_macro   0x00020ea7       0x29 ./Core/Src/syscalls.o
 .debug_macro   0x00020ed0       0x10 ./Core/Src/syscalls.o
 .debug_macro   0x00020ee0      0x242 ./Core/Src/syscalls.o
 .debug_macro   0x00021122       0x1c ./Core/Src/syscalls.o
 .debug_macro   0x0002113e       0x10 ./Core/Src/syscalls.o
 .debug_macro   0x0002114e      0x18a ./Core/Src/syscalls.o
 .debug_macro   0x000212d8       0x16 ./Core/Src/syscalls.o
 .debug_macro   0x000212ee       0xce ./Core/Src/syscalls.o
 .debug_macro   0x000213bc      0x1c4 ./Core/Src/system_stm32f4xx.o
 .debug_macro   0x00021580      0x224 ./Drivers/STM32F4xx_HAL_Driver/Src/stm32f4xx_hal.o
 .debug_macro   0x000217a4      0x1c4 ./Drivers/STM32F4xx_HAL_Driver/Src/stm32f4xx_hal_cortex.o
 .debug_macro   0x00021968      0x1ca ./Drivers/STM32F4xx_HAL_Driver/Src/stm32f4xx_hal_gpio.o
 .debug_macro   0x00021b32      0x1e8 ./Drivers/STM32F4xx_HAL_Driver/Src/stm32f4xx_hal_rcc.o
 .debug_macro   0x00021d1a      0x1c5 ./Drivers/STM32F4xx_HAL_Driver/Src/stm32f4xx_hal_tim.o
 .debug_macro   0x00021edf      0x1c4 ./Drivers/STM32F4xx_HAL_Driver/Src/stm32f4xx_hal_tim_ex.o
 .debug_macro   0x000220a3      0x193 ./ThirdParty/FreeRTOS/list.o
 .debug_macro   0x00022236      0x21c ./ThirdParty/FreeRTOS/queue.o
 .debug_macro   0x00022452       0x16 ./ThirdParty/FreeRTOS/queue.o
 .debug_macro   0x00022468       0x20 ./ThirdParty/FreeRTOS/queue.o
 .debug_macro   0x00022488       0x80 ./ThirdParty/FreeRTOS/queue.o
 .debug_macro   0x00022508      0x279 ./ThirdParty/FreeRTOS/tasks.o
 .debug_macro   0x00022781       0x10 ./ThirdParty/FreeRTOS/tasks.o
 .debug_macro   0x00022791      0x1dc ./ThirdParty/FreeRTOS/timers.o
 .debug_macro   0x0002296d       0x97 ./ThirdParty/FreeRTOS/timers.o
 .debug_macro   0x00022a04      0x196 ./ThirdParty/FreeRTOS/portable/GCC/ARM_CM4F/port.o
 .debug_macro   0x00022b9a      0x1ae ./ThirdParty/FreeRTOS/portable/MemMang/heap_4.o

.debug_line     0x00000000    0x10cc7
 .debug_line    0x00000000      0xc44 ./Core/Src/main.o
 .debug_line    0x00000c44      0x71f ./Core/Src/stm32f4xx_hal_msp.o
 .debug_line    0x00001363      0x79d ./Core/Src/stm32f4xx_hal_timebase_tim.o
 .debug_line    0x00001b00      0x7a8 ./Core/Src/stm32f4xx_it.o
 .debug_line    0x000022a8      0x820 ./Core/Src/syscalls.o
 .debug_line    0x00002ac8      0x7a4 ./Core/Src/system_stm32f4xx.o
 .debug_line    0x0000326c       0x7a ./Core/Startup/startup_stm32f407vgtx.o
 .debug_line    0x000032e6      0xa11 ./Drivers/STM32F4xx_HAL_Driver/Src/stm32f4xx_hal.o
 .debug_line    0x00003cf7      0xce1 ./Drivers/STM32F4xx_HAL_Driver/Src/stm32f4xx_hal_cortex.o
 .debug_line    0x000049d8      0xb69 ./Drivers/STM32F4xx_HAL_Driver/Src/stm32f4xx_hal_gpio.o
 .debug_line    0x00005541      0xe20 ./Drivers/STM32F4xx_HAL_Driver/Src/stm32f4xx_hal_rcc.o
 .debug_line    0x00006361     0x378e ./Drivers/STM32F4xx_HAL_Driver/Src/stm32f4xx_hal_tim.o
 .debug_line    0x00009aef     0x1971 ./Drivers/STM32F4xx_HAL_Driver/Src/stm32f4xx_hal_tim_ex.o
 .debug_line    0x0000b460      0x796 ./ThirdParty/FreeRTOS/list.o
 .debug_line    0x0000bbf6     0x15f1 ./ThirdParty/FreeRTOS/queue.o
 .debug_line    0x0000d1e7     0x1bd1 ./ThirdParty/FreeRTOS/tasks.o
 .debug_line    0x0000edb8      0xcdb ./ThirdParty/FreeRTOS/timers.o
 .debug_line    0x0000fa93      0x86a ./ThirdParty/FreeRTOS/portable/GCC/ARM_CM4F/port.o
 .debug_line    0x000102fd      0x9ca ./ThirdParty/FreeRTOS/portable/MemMang/heap_4.o

.debug_str      0x00000000    0xd3536
 .debug_str     0x00000000    0xd3536 ./Core/Src/main.o
                              0xcb335 (size before relaxing)
 .debug_str     0x000d3536    0xc2783 ./Core/Src/stm32f4xx_hal_msp.o
 .debug_str     0x000d3536    0xc2cc5 ./Core/Src/stm32f4xx_hal_timebase_tim.o
 .debug_str     0x000d3536    0xc2c34 ./Core/Src/stm32f4xx_it.o
 .debug_str     0x000d3536     0x9ab1 ./Core/Src/syscalls.o
 .debug_str     0x000d3536    0xc21ce ./Core/Src/system_stm32f4xx.o
 .debug_str     0x000d3536       0xa3 ./Core/Startup/startup_stm32f407vgtx.o
 .debug_str     0x000d3536    0xc2d52 ./Drivers/STM32F4xx_HAL_Driver/Src/stm32f4xx_hal.o
 .debug_str     0x000d3536    0xc2ace ./Drivers/STM32F4xx_HAL_Driver/Src/stm32f4xx_hal_cortex.o
 .debug_str     0x000d3536    0xc2349 ./Drivers/STM32F4xx_HAL_Driver/Src/stm32f4xx_hal_gpio.o
 .debug_str     0x000d3536    0xc2602 ./Drivers/STM32F4xx_HAL_Driver/Src/stm32f4xx_hal_rcc.o
 .debug_str     0x000d3536    0xc3558 ./Drivers/STM32F4xx_HAL_Driver/Src/stm32f4xx_hal_tim.o
 .debug_str     0x000d3536    0xc2d64 ./Drivers/STM32F4xx_HAL_Driver/Src/stm32f4xx_hal_tim_ex.o
 .debug_str     0x000d3536     0xae25 ./ThirdParty/FreeRTOS/list.o
 .debug_str     0x000d3536     0xd2b0 ./ThirdParty/FreeRTOS/queue.o
 .debug_str     0x000d3536     0xdf04 ./ThirdParty/FreeRTOS/tasks.o
 .debug_str     0x000d3536     0xd644 ./ThirdParty/FreeRTOS/timers.o
 .debug_str     0x000d3536     0x9546 ./ThirdParty/FreeRTOS/portable/GCC/ARM_CM4F/port.o
 .debug_str     0x000d3536     0xc2ee ./ThirdParty/FreeRTOS/portable/MemMang/heap_4.o

.comment        0x00000000       0x43
 .comment       0x00000000       0x43 ./Core/Src/main.o
                                 0x44 (size before relaxing)
 .comment       0x00000043       0x44 ./Core/Src/stm32f4xx_hal_msp.o
 .comment       0x00000043       0x44 ./Core/Src/stm32f4xx_hal_timebase_tim.o
 .comment       0x00000043       0x44 ./Core/Src/stm32f4xx_it.o
 .comment       0x00000043       0x44 ./Core/Src/syscalls.o
 .comment       0x00000043       0x44 ./Core/Src/system_stm32f4xx.o
 .comment       0x00000043       0x44 ./Drivers/STM32F4xx_HAL_Driver/Src/stm32f4xx_hal.o
 .comment       0x00000043       0x44 ./Drivers/STM32F4xx_HAL_Driver/Src/stm32f4xx_hal_cortex.o
 .comment       0x00000043       0x44 ./Drivers/STM32F4xx_HAL_Driver/Src/stm32f4xx_hal_gpio.o
 .comment       0x00000043       0x44 ./Drivers/STM32F4xx_HAL_Driver/Src/stm32f4xx_hal_rcc.o
 .comment       0x00000043       0x44 ./Drivers/STM32F4xx_HAL_Driver/Src/stm32f4xx_hal_tim.o
 .comment       0x00000043       0x44 ./Drivers/STM32F4xx_HAL_Driver/Src/stm32f4xx_hal_tim_ex.o
 .comment       0x00000043       0x44 ./ThirdParty/FreeRTOS/list.o
 .comment       0x00000043       0x44 ./ThirdParty/FreeRTOS/queue.o
 .comment       0x00000043       0x44 ./ThirdParty/FreeRTOS/tasks.o
 .comment       0x00000043       0x44 ./ThirdParty/FreeRTOS/timers.o
 .comment       0x00000043       0x44 ./ThirdParty/FreeRTOS/portable/GCC/ARM_CM4F/port.o
 .comment       0x00000043       0x44 ./ThirdParty/FreeRTOS/portable/MemMang/heap_4.o

.debug_frame    0x00000000     0x456c
 .debug_frame   0x00000000       0xf8 ./Core/Src/main.o
 .debug_frame   0x000000f8       0x38 ./Core/Src/stm32f4xx_hal_msp.o
 .debug_frame   0x00000130       0x74 ./Core/Src/stm32f4xx_hal_timebase_tim.o
 .debug_frame   0x000001a4       0xc4 ./Core/Src/stm32f4xx_it.o
 .debug_frame   0x00000268      0x2d4 ./Core/Src/syscalls.o
 .debug_frame   0x0000053c       0x58 ./Core/Src/system_stm32f4xx.o
 .debug_frame   0x00000594      0x374 ./Drivers/STM32F4xx_HAL_Driver/Src/stm32f4xx_hal.o
 .debug_frame   0x00000908      0x508 ./Drivers/STM32F4xx_HAL_Driver/Src/stm32f4xx_hal_cortex.o
 .debug_frame   0x00000e10      0x14c ./Drivers/STM32F4xx_HAL_Driver/Src/stm32f4xx_hal_gpio.o
 .debug_frame   0x00000f5c      0x1f4 ./Drivers/STM32F4xx_HAL_Driver/Src/stm32f4xx_hal_rcc.o
 .debug_frame   0x00001150     0x11c0 ./Drivers/STM32F4xx_HAL_Driver/Src/stm32f4xx_hal_tim.o
 .debug_frame   0x00002310      0x638 ./Drivers/STM32F4xx_HAL_Driver/Src/stm32f4xx_hal_tim_ex.o
 .debug_frame   0x00002948       0xd8 ./ThirdParty/FreeRTOS/list.o
 .debug_frame   0x00002a20      0x534 ./ThirdParty/FreeRTOS/queue.o
 .debug_frame   0x00002f54      0x894 ./ThirdParty/FreeRTOS/tasks.o
 .debug_frame   0x000037e8      0x38c ./ThirdParty/FreeRTOS/timers.o
 .debug_frame   0x00003b74      0x1a8 ./ThirdParty/FreeRTOS/portable/GCC/ARM_CM4F/port.o
 .debug_frame   0x00003d1c      0x12c ./ThirdParty/FreeRTOS/portable/MemMang/heap_4.o
 .debug_frame   0x00003e48      0x144 /opt/st/stm32cubeide_1.18.0/plugins/com.st.stm32cube.ide.mcu.externaltools.gnu-tools-for-stm32.13.3.rel1.linux64_1.0.0.202410170706/tools/bin/../lib/gcc/arm-none-eabi/13.3.1/../../../../arm-none-eabi/lib/thumb/v7e-m+fp/hard/libc_nano.a(libc_a-findfp.o)
 .debug_frame   0x00003f8c       0x34 /opt/st/stm32cubeide_1.18.0/plugins/com.st.stm32cube.ide.mcu.externaltools.gnu-tools-for-stm32.13.3.rel1.linux64_1.0.0.202410170706/tools/bin/../lib/gcc/arm-none-eabi/13.3.1/../../../../arm-none-eabi/lib/thumb/v7e-m+fp/hard/libc_nano.a(libc_a-fwalk.o)
 .debug_frame   0x00003fc0       0x3c /opt/st/stm32cubeide_1.18.0/plugins/com.st.stm32cube.ide.mcu.externaltools.gnu-tools-for-stm32.13.3.rel1.linux64_1.0.0.202410170706/tools/bin/../lib/gcc/arm-none-eabi/13.3.1/../../../../arm-none-eabi/lib/thumb/v7e-m+fp/hard/libc_nano.a(libc_a-puts.o)
 .debug_frame   0x00003ffc       0x88 /opt/st/stm32cubeide_1.18.0/plugins/com.st.stm32cube.ide.mcu.externaltools.gnu-tools-for-stm32.13.3.rel1.linux64_1.0.0.202410170706/tools/bin/../lib/gcc/arm-none-eabi/13.3.1/../../../../arm-none-eabi/lib/thumb/v7e-m+fp/hard/libc_nano.a(libc_a-stdio.o)
 .debug_frame   0x00004084       0x40 /opt/st/stm32cubeide_1.18.0/plugins/com.st.stm32cube.ide.mcu.externaltools.gnu-tools-for-stm32.13.3.rel1.linux64_1.0.0.202410170706/tools/bin/../lib/gcc/arm-none-eabi/13.3.1/../../../../arm-none-eabi/lib/thumb/v7e-m+fp/hard/libc_nano.a(libc_a-wbuf.o)
 .debug_frame   0x000040c4       0x2c /opt/st/stm32cubeide_1.18.0/plugins/com.st.stm32cube.ide.mcu.externaltools.gnu-tools-for-stm32.13.3.rel1.linux64_1.0.0.202410170706/tools/bin/../lib/gcc/arm-none-eabi/13.3.1/../../../../arm-none-eabi/lib/thumb/v7e-m+fp/hard/libc_nano.a(libc_a-wsetup.o)